Component: Arm Compiler for Embedded 6.22 Tool: armlink [5ee90200]

==============================================================================

Section Cross References

    startup_stm32f427xx.o(STACK) refers (Special) to heapauxi.o(.text) for __use_two_region_memory
    startup_stm32f427xx.o(HEAP) refers (Special) to heapauxi.o(.text) for __use_two_region_memory
    startup_stm32f427xx.o(RESET) refers (Special) to heapauxi.o(.text) for __use_two_region_memory
    startup_stm32f427xx.o(RESET) refers to startup_stm32f427xx.o(STACK) for __initial_sp
    startup_stm32f427xx.o(RESET) refers to startup_stm32f427xx.o(.text) for Reset_Handler
    startup_stm32f427xx.o(RESET) refers to stm32f4xx_it.o(.text.NMI_Handler) for NMI_Handler
    startup_stm32f427xx.o(RESET) refers to stm32f4xx_it.o(.text.HardFault_Handler) for HardFault_Handler
    startup_stm32f427xx.o(RESET) refers to stm32f4xx_it.o(.text.MemManage_Handler) for MemManage_Handler
    startup_stm32f427xx.o(RESET) refers to stm32f4xx_it.o(.text.BusFault_Handler) for BusFault_Handler
    startup_stm32f427xx.o(RESET) refers to stm32f4xx_it.o(.text.UsageFault_Handler) for UsageFault_Handler
    startup_stm32f427xx.o(RESET) refers to stm32f4xx_it.o(.text.SVC_Handler) for SVC_Handler
    startup_stm32f427xx.o(RESET) refers to stm32f4xx_it.o(.text.DebugMon_Handler) for DebugMon_Handler
    startup_stm32f427xx.o(RESET) refers to stm32f4xx_it.o(.text.PendSV_Handler) for PendSV_Handler
    startup_stm32f427xx.o(RESET) refers to stm32f4xx_it.o(.text.SysTick_Handler) for SysTick_Handler
    startup_stm32f427xx.o(RESET) refers to stm32f4xx_it.o(.text.DMA1_Stream5_IRQHandler) for DMA1_Stream5_IRQHandler
    startup_stm32f427xx.o(RESET) refers to stm32f4xx_it.o(.text.DMA1_Stream6_IRQHandler) for DMA1_Stream6_IRQHandler
    startup_stm32f427xx.o(RESET) refers to stm32f4xx_it.o(.text.CAN1_RX0_IRQHandler) for CAN1_RX0_IRQHandler
    startup_stm32f427xx.o(RESET) refers to stm32f4xx_it.o(.text.CAN1_RX1_IRQHandler) for CAN1_RX1_IRQHandler
    startup_stm32f427xx.o(RESET) refers to stm32f4xx_it.o(.text.USART2_IRQHandler) for USART2_IRQHandler
    startup_stm32f427xx.o(.text) refers (Special) to heapauxi.o(.text) for __use_two_region_memory
    startup_stm32f427xx.o(.text) refers to system_stm32f4xx.o(.text.SystemInit) for SystemInit
    startup_stm32f427xx.o(.text) refers to __main.o(!!!main) for __main
    startup_stm32f427xx.o(.text) refers to startup_stm32f427xx.o(HEAP) for Heap_Mem
    startup_stm32f427xx.o(.text) refers to startup_stm32f427xx.o(STACK) for Stack_Mem
    main.o(.text.__cxx_global_var_init) refers to main.o(.bss.serialplot) for serialplot
    main.o(.text.__cxx_global_var_init) refers to main.o(.text._ZN16Class_SerialplotC2Ev) for Class_Serialplot::Class_Serialplot__sub_object()
    main.o(.ARM.exidx.text.__cxx_global_var_init) refers to main.o(.text.__cxx_global_var_init) for [Anonymous Symbol]
    main.o(.text._Z19CAN_Motor_Call_BackP20Struct_CAN_Rx_Buffer) refers to main.o(.bss.Rx_Encoder) for Rx_Encoder
    main.o(.text._Z19CAN_Motor_Call_BackP20Struct_CAN_Rx_Buffer) refers to main.o(.bss.Rx_Omega) for Rx_Omega
    main.o(.text._Z19CAN_Motor_Call_BackP20Struct_CAN_Rx_Buffer) refers to main.o(.bss.Rx_Torque) for Rx_Torque
    main.o(.text._Z19CAN_Motor_Call_BackP20Struct_CAN_Rx_Buffer) refers to main.o(.bss.Rx_Temperature) for Rx_Temperature
    main.o(.ARM.exidx.text._Z19CAN_Motor_Call_BackP20Struct_CAN_Rx_Buffer) refers to main.o(.text._Z19CAN_Motor_Call_BackP20Struct_CAN_Rx_Buffer) for [Anonymous Symbol]
    main.o(.text.main) refers to stm32f4xx_hal.o(.text.HAL_Init) for HAL_Init
    main.o(.text.main) refers to main.o(.text._Z18SystemClock_Configv) for SystemClock_Config()
    main.o(.text.main) refers to gpio.o(.text.MX_GPIO_Init) for MX_GPIO_Init
    main.o(.text.main) refers to dma.o(.text.MX_DMA_Init) for MX_DMA_Init
    main.o(.text.main) refers to can.o(.text.MX_CAN1_Init) for MX_CAN1_Init
    main.o(.text.main) refers to usart.o(.text.MX_USART2_UART_Init) for MX_USART2_UART_Init
    main.o(.text.main) refers to drv_bsp.o(.text._Z8BSP_Initjff) for BSP_Init(unsigned int, float, float)
    main.o(.text.main) refers to can.o(.bss.hcan1) for hcan1
    main.o(.text.main) refers to main.o(.text._Z19CAN_Motor_Call_BackP20Struct_CAN_Rx_Buffer) for CAN_Motor_Call_Back(Struct_CAN_Rx_Buffer*)
    main.o(.text.main) refers to drv_can.o(.text._Z8CAN_InitP19__CAN_HandleTypeDefPFvP20Struct_CAN_Rx_BufferE) for CAN_Init(__CAN_HandleTypeDef*, void (*)(Struct_CAN_Rx_Buffer*))
    main.o(.text.main) refers to usart.o(.bss.huart2) for huart2
    main.o(.text.main) refers to drv_uart.o(.text._Z9Uart_InitP20__UART_HandleTypeDefPhtPFvS1_tE) for Uart_Init(__UART_HandleTypeDef*, unsigned char*, unsigned short, void (*)(unsigned char*, unsigned short))
    main.o(.text.main) refers to drv_can.o(.text._Z22CAN_Filter_Mask_ConfigP19__CAN_HandleTypeDefhjj) for CAN_Filter_Mask_Config(__CAN_HandleTypeDef*, unsigned char, unsigned int, unsigned int)
[...]
    .text                                    0x080003ac   Section       78  rt_memclr_w.o(.text)
    .text                                    0x080003fa   Section        0  heapauxi.o(.text)
    .text                                    0x08000400   Section        0  init_aeabi.o(.text)
    .text                                    0x0800042c   Section        8  libspace.o(.text)
    .text                                    0x08000434   Section       74  sys_stackheap_outer.o(.text)
    .text                                    0x0800047e   Section        0  exit.o(.text)
    .text                                    0x08000490   Section        0  sys_exit.o(.text)
    .text                                    0x0800049c   Section        2  use_no_semi.o(.text)
    .text                                    0x0800049e   Section        0  indicate_semi.o(.text)
    [Anonymous Symbol]                       0x080004a0   Section        0  stm32f4xx_it.o(.text.BusFault_Handler)
    [Anonymous Symbol]                       0x080004a4   Section        0  stm32f4xx_it.o(.text.CAN1_RX0_IRQHandler)
    [Anonymous Symbol]                       0x080004b4   Section        0  stm32f4xx_it.o(.text.CAN1_RX1_IRQHandler)
    [Anonymous Symbol]                       0x080004c4   Section        0  stm32f4xx_it.o(.text.DMA1_Stream5_IRQHandler)
    [Anonymous Symbol]                       0x080004d4   Section        0  stm32f4xx_it.o(.text.DMA1_Stream6_IRQHandler)
    DMA_CalcBaseAndBitshift                  0x080004e5   Thumb Code    86  stm32f4xx_hal_dma.o(.text.DMA_CalcBaseAndBitshift)
    [Anonymous Symbol]                       0x080004e4   Section        0  stm32f4xx_hal_dma.o(.text.DMA_CalcBaseAndBitshift)
    DMA_CheckFifoParam                       0x0800053d   Thumb Code   240  stm32f4xx_hal_dma.o(.text.DMA_CheckFifoParam)
    [Anonymous Symbol]                       0x0800053c   Section        0  stm32f4xx_hal_dma.o(.text.DMA_CheckFifoParam)
    DMA_SetConfig                            0x0800062d   Thumb Code    80  stm32f4xx_hal_dma.o(.text.DMA_SetConfig)
    [Anonymous Symbol]                       0x0800062c   Section        0  stm32f4xx_hal_dma.o(.text.DMA_SetConfig)
    [Anonymous Symbol]                       0x0800067c   Section        0  stm32f4xx_it.o(.text.DebugMon_Handler)
    [Anonymous Symbol]                       0x08000680   Section        0  main.o(.text.Error_Handler)
    [Anonymous Symbol]                       0x08000690   Section        0  stm32f4xx_hal_can.o(.text.HAL_CAN_ConfigFilter)
    [Anonymous Symbol]                       0x08000834   Section        0  stm32f4xx_hal_can.o(.text.HAL_CAN_ErrorCallback)
    [Anonymous Symbol]                       0x0800083c   Section        0  stm32f4xx_hal_can.o(.text.HAL_CAN_GetRxMessage)
    [Anonymous Symbol]                       0x08000a2c   Section        0  stm32f4xx_hal_can.o(.text.HAL_CAN_IRQHandler)
    [Anonymous Symbol]                       0x08000e20   Section        0  stm32f4xx_hal_can.o(.text.HAL_CAN_Init)
    [Anonymous Symbol]                       0x08001000   Section        0  can.o(.text.HAL_CAN_MspInit)
    [Anonymous Symbol]                       0x080010b4   Section        0  stm32f4xx_hal_can.o(.text.HAL_CAN_RxFifo0FullCallback)
    [Anonymous Symbol]                       0x080010bc   Section        0  drv_can.o(.text.HAL_CAN_RxFifo0MsgPendingCallback)
    [Anonymous Symbol]                       0x08001138   Section        0  stm32f4xx_hal_can.o(.text.HAL_CAN_RxFifo1FullCallback)
    [Anonymous Symbol]                       0x08001140   Section        0  drv_can.o(.text.HAL_CAN_RxFifo1MsgPendingCallback)
    [Anonymous Symbol]                       0x080011bc   Section        0  stm32f4xx_hal_can.o(.text.HAL_CAN_SleepCallback)
    [Anonymous Symbol]                       0x080011c4   Section        0  stm32f4xx_hal_can.o(.text.HAL_CAN_Start)
    [Anonymous Symbol]                       0x08001250   Section        0  stm32f4xx_hal_can.o(.text.HAL_CAN_TxMailbox0AbortCallback)
    [Anonymous Symbol]                       0x08001258   Section        0  stm32f4xx_hal_can.o(.text.HAL_CAN_TxMailbox0CompleteCallback)
    [Anonymous Symbol]                       0x08001260   Section        0  stm32f4xx_hal_can.o(.text.HAL_CAN_TxMailbox1AbortCallback)
    [Anonymous Symbol]                       0x08001268   Section        0  stm32f4xx_hal_can.o(.text.HAL_CAN_TxMailbox1CompleteCallback)
    [Anonymous Symbol]                       0x08001270   Section        0  stm32f4xx_hal_can.o(.text.HAL_CAN_TxMailbox2AbortCallback)
    [Anonymous Symbol]                       0x08001278   Section        0  stm32f4xx_hal_can.o(.text.HAL_CAN_TxMailbox2CompleteCallback)
    [Anonymous Symbol]                       0x08001280   Section        0  stm32f4xx_hal_can.o(.text.HAL_CAN_WakeUpFromRxMsgCallback)
    [Anonymous Symbol]                       0x08001288   Section        0  stm32f4xx_hal_dma.o(.text.HAL_DMA_Abort)
    [Anonymous Symbol]                       0x08001374   Section        0  stm32f4xx_hal_dma.o(.text.HAL_DMA_Abort_IT)
    [Anonymous Symbol]                       0x080013b8   Section        0  stm32f4xx_hal_dma.o(.text.HAL_DMA_IRQHandler)
    [Anonymous Symbol]                       0x080016d8   Section        0  stm32f4xx_hal_dma.o(.text.HAL_DMA_Init)
    [Anonymous Symbol]                       0x08001848   Section        0  stm32f4xx_hal_dma.o(.text.HAL_DMA_Start_IT)
    [Anonymous Symbol]                       0x0800190c   Section        0  stm32f4xx_hal.o(.text.HAL_Delay)
    [Anonymous Symbol]                       0x08001950   Section        0  stm32f4xx_hal_gpio.o(.text.HAL_GPIO_Init)
    [Anonymous Symbol]                       0x08001d40   Section        0  stm32f4xx_hal_gpio.o(.text.HAL_GPIO_WritePin)
    [Anonymous Symbol]                       0x08001d70   Section        0  stm32f4xx_hal.o(.text.HAL_GetTick)
    [Anonymous Symbol]                       0x08001d7c   Section        0  stm32f4xx_hal.o(.text.HAL_IncTick)
    [Anonymous Symbol]                       0x08001d98   Section        0  stm32f4xx_hal.o(.text.HAL_Init)
    [Anonymous Symbol]                       0x08001dd0   Section        0  stm32f4xx_hal.o(.text.HAL_InitTick)
    [Anonymous Symbol]                       0x08001e40   Section        0  stm32f4xx_hal_msp.o(.text.HAL_MspInit)
    [Anonymous Symbol]                       0x08001e8c   Section        0  stm32f4xx_hal_cortex.o(.text.HAL_NVIC_EnableIRQ)
    [Anonymous Symbol]                       0x08001ea0   Section        0  stm32f4xx_hal_cortex.o(.text.HAL_NVIC_SetPriority)
    [Anonymous Symbol]                       0x08001ed4   Section        0  stm32f4xx_hal_cortex.o(.text.HAL_NVIC_SetPriorityGrouping)
    [Anonymous Symbol]                       0x08001ee4   Section        0  stm32f4xx_hal_pwr_ex.o(.text.HAL_PWREx_EnableOverDrive)
    [Anonymous Symbol]                       0x08001fa4   Section        0  stm32f4xx_hal_rcc.o(.text.HAL_RCC_ClockConfig)
    [Anonymous Symbol]                       0x08002208   Section        0  stm32f4xx_hal_rcc.o(.text.HAL_RCC_GetHCLKFreq)
    [Anonymous Symbol]                       0x08002214   Section        0  stm32f4xx_hal_rcc.o(.text.HAL_RCC_GetPCLK1Freq)
    [Anonymous Symbol]                       0x08002238   Section        0  stm32f4xx_hal_rcc.o(.text.HAL_RCC_GetPCLK2Freq)
    [Anonymous Symbol]                       0x0800225c   Section        0  stm32f4xx_hal_rcc.o(.text.HAL_RCC_GetSysClockFreq)
    [Anonymous Symbol]                       0x08002344   Section        0  stm32f4xx_hal_rcc.o(.text.HAL_RCC_OscConfig)
    [Anonymous Symbol]                       0x08002a04   Section        0  stm32f4xx_hal_cortex.o(.text.HAL_SYSTICK_Config)
    [Anonymous Symbol]                       0x08002a14   Section        0  stm32f4xx_hal_uart.o(.text.HAL_UARTEx_ReceiveToIdle_DMA)
    [Anonymous Symbol]                       0x08002af4   Section        0  drv_uart.o(.text.HAL_UARTEx_RxEventCallback)
    [Anonymous Symbol]                       0x08002ca0   Section        0  stm32f4xx_hal_uart.o(.text.HAL_UART_ErrorCallback)
    [Anonymous Symbol]                       0x08002ca8   Section        0  stm32f4xx_hal_uart.o(.text.HAL_UART_IRQHandler)
    [Anonymous Symbol]                       0x080030c8   Section        0  stm32f4xx_hal_uart.o(.text.HAL_UART_Init)
    [Anonymous Symbol]                       0x08003164   Section        0  usart.o(.text.HAL_UART_MspInit)
    [Anonymous Symbol]                       0x080032b0   Section        0  stm32f4xx_hal_uart.o(.text.HAL_UART_RxCpltCallback)
    [Anonymous Symbol]                       0x080032b8   Section        0  stm32f4xx_hal_uart.o(.text.HAL_UART_RxHalfCpltCallback)
    [Anonymous Symbol]                       0x080032c0   Section        0  stm32f4xx_hal_uart.o(.text.HAL_UART_Transmit_DMA)
    [Anonymous Symbol]                       0x080033d0   Section        0  stm32f4xx_hal_uart.o(.text.HAL_UART_TxCpltCallback)
    [Anonymous Symbol]                       0x080033d8   Section        0  stm32f4xx_hal_uart.o(.text.HAL_UART_TxHalfCpltCallback)
    [Anonymous Symbol]                       0x080033e0   Section        0  stm32f4xx_it.o(.text.HardFault_Handler)
    [Anonymous Symbol]                       0x080033e4   Section        0  can.o(.text.MX_CAN1_Init)
    [Anonymous Symbol]                       0x08003434   Section        0  dma.o(.text.MX_DMA_Init)
    [Anonymous Symbol]                       0x08003484   Section        0  gpio.o(.text.MX_GPIO_Init)
    [Anonymous Symbol]                       0x0800352c   Section        0  usart.o(.text.MX_USART2_UART_Init)
    [Anonymous Symbol]                       0x0800356c   Section        0  stm32f4xx_it.o(.text.MemManage_Handler)
    [Anonymous Symbol]                       0x08003570   Section        0  stm32f4xx_it.o(.text.NMI_Handler)
    NVIC_EncodePriority                      0x08003575   Thumb Code   108  stm32f4xx_hal_cortex.o(.text.NVIC_EncodePriority)
    [Anonymous Symbol]                       0x08003574   Section        0  stm32f4xx_hal_cortex.o(.text.NVIC_EncodePriority)
    [Anonymous Symbol]                       0x080035e0   Section        0  stm32f4xx_it.o(.text.PendSV_Handler)
    [Anonymous Symbol]                       0x080035e4   Section        0  stm32f4xx_it.o(.text.SVC_Handler)
    SysTick_Config                           0x080035e9   Thumb Code    82  stm32f4xx_hal_cortex.o(.text.SysTick_Config)
    [Anonymous Symbol]                       0x080035e8   Section        0  stm32f4xx_hal_cortex.o(.text.SysTick_Config)
    [Anonymous Symbol]                       0x0800363c   Section        0  stm32f4xx_it.o(.text.SysTick_Handler)
    [Anonymous Symbol]                       0x08003644   Section        0  system_stm32f4xx.o(.text.SystemInit)
    UART_DMAAbortOnError                     0x08003659   Thumb Code    32  stm32f4xx_hal_uart.o(.text.UART_DMAAbortOnError)
    [Anonymous Symbol]                       0x08003658   Section        0  stm32f4xx_hal_uart.o(.text.UART_DMAAbortOnError)
    UART_DMAError                            0x08003679   Thumb Code   124  stm32f4xx_hal_uart.o(.text.UART_DMAError)
    [Anonymous Symbol]                       0x08003678   Section        0  stm32f4xx_hal_uart.o(.text.UART_DMAError)
    UART_DMAReceiveCplt                      0x080036f5   Thumb Code   238  stm32f4xx_hal_uart.o(.text.UART_DMAReceiveCplt)
    [Anonymous Symbol]                       0x080036f4   Section        0  stm32f4xx_hal_uart.o(.text.UART_DMAReceiveCplt)
    UART_DMARxHalfCplt                       0x080037e5   Thumb Code    46  stm32f4xx_hal_uart.o(.text.UART_DMARxHalfCplt)
    [Anonymous Symbol]                       0x080037e4   Section        0  stm32f4xx_hal_uart.o(.text.UART_DMARxHalfCplt)
    UART_DMATransmitCplt                     0x08003815   Thumb Code   122  stm32f4xx_hal_uart.o(.text.UART_DMATransmitCplt)
    [Anonymous Symbol]                       0x08003814   Section        0  stm32f4xx_hal_uart.o(.text.UART_DMATransmitCplt)
    UART_DMATxHalfCplt                       0x08003891   Thumb Code    22  stm32f4xx_hal_uart.o(.text.UART_DMATxHalfCplt)
    [Anonymous Symbol]                       0x08003890   Section        0  stm32f4xx_hal_uart.o(.text.UART_DMATxHalfCplt)
    UART_EndRxTransfer                       0x080038a9   Thumb Code   148  stm32f4xx_hal_uart.o(.text.UART_EndRxTransfer)
    [Anonymous Symbol]                       0x080038a8   Section        0  stm32f4xx_hal_uart.o(.text.UART_EndRxTransfer)
    UART_EndTransmit_IT                      0x0800393d   Thumb Code    38  stm32f4xx_hal_uart.o(.text.UART_EndTransmit_IT)
    [Anonymous Symbol]                       0x0800393c   Section        0  stm32f4xx_hal_uart.o(.text.UART_EndTransmit_IT)
    UART_EndTxTransfer                       0x08003965   Thumb Code    54  stm32f4xx_hal_uart.o(.text.UART_EndTxTransfer)
    [Anonymous Symbol]                       0x08003964   Section        0  stm32f4xx_hal_uart.o(.text.UART_EndTxTransfer)
    UART_Receive_IT                          0x0800399d   Thumb Code   356  stm32f4xx_hal_uart.o(.text.UART_Receive_IT)
    [Anonymous Symbol]                       0x0800399c   Section        0  stm32f4xx_hal_uart.o(.text.UART_Receive_IT)
    UART_SetConfig                           0x08003b01   Thumb Code   314  stm32f4xx_hal_uart.o(.text.UART_SetConfig)
    [Anonymous Symbol]                       0x08003b00   Section        0  stm32f4xx_hal_uart.o(.text.UART_SetConfig)
    [Anonymous Symbol]                       0x08003c3c   Section        0  stm32f4xx_hal_uart.o(.text.UART_Start_Receive_DMA)
    UART_Transmit_IT                         0x08003d55   Thumb Code   148  stm32f4xx_hal_uart.o(.text.UART_Transmit_IT)
    [Anonymous Symbol]                       0x08003d54   Section        0  stm32f4xx_hal_uart.o(.text.UART_Transmit_IT)
    [Anonymous Symbol]                       0x08003de8   Section        0  stm32f4xx_it.o(.text.USART2_IRQHandler)
    [Anonymous Symbol]                       0x08003df8   Section        0  stm32f4xx_it.o(.text.UsageFault_Handler)
    _GLOBAL__sub_I_main.c                    0x08003dfd   Thumb Code     8  main.o(.text._GLOBAL__sub_I_main.c)
    [Anonymous Symbol]                       0x08003dfc   Section        0  main.o(.text._GLOBAL__sub_I_main.c)
    [Anonymous Symbol]                       0x08003e04   Section        0  drv_bsp.o(.text._Z11BSP_DC24_LD20Enum_BSP_DC24_Status)
    [Anonymous Symbol]                       0x08003e24   Section        0  drv_bsp.o(.text._Z11BSP_DC24_LU20Enum_BSP_DC24_Status)
    [Anonymous Symbol]                       0x08003e44   Section        0  drv_bsp.o(.text._Z11BSP_DC24_RD20Enum_BSP_DC24_Status)
    [Anonymous Symbol]                       0x08003e64   Section        0  drv_bsp.o(.text._Z11BSP_DC24_RU20Enum_BSP_DC24_Status)
    [Anonymous Symbol]                       0x08003e84   Section        0  drv_uart.o(.text._Z14UART_Send_DataP20__UART_HandleTypeDefPht)
    [Anonymous Symbol]                       0x08003ea0   Section        0  main.o(.text._Z18SystemClock_Configv)
    [Anonymous Symbol]                       0x08003f6c   Section        0  main.o(.text._Z19CAN_Motor_Call_BackP20Struct_CAN_Rx_Buffer)
    [Anonymous Symbol]                       0x08003fd4   Section        0  drv_can.o(.text._Z22CAN_Filter_Mask_ConfigP19__CAN_HandleTypeDefhjj)
    [Anonymous Symbol]                       0x08004074   Section        0  drv_uart.o(.text._Z30TIM_UART_PeriodElapsedCallbackv)
    [Anonymous Symbol]                       0x08004090   Section        0  drv_bsp.o(.text._Z8BSP_Initjff)
    [Anonymous Symbol]                       0x0800416c   Section        0  drv_can.o(.text._Z8CAN_InitP19__CAN_HandleTypeDefPFvP20Struct_CAN_Rx_BufferE)
    [Anonymous Symbol]                       0x080041e0   Section        0  drv_bsp.o(.text._Z9BSP_LED_119Enum_BSP_LED_Status)
    [Anonymous Symbol]                       0x08004200   Section        0  drv_bsp.o(.text._Z9BSP_LED_219Enum_BSP_LED_Status)
    [Anonymous Symbol]                       0x08004220   Section        0  drv_bsp.o(.text._Z9BSP_LED_319Enum_BSP_LED_Status)
    [Anonymous Symbol]                       0x08004240   Section        0  drv_bsp.o(.text._Z9BSP_LED_419Enum_BSP_LED_Status)
    [Anonymous Symbol]                       0x08004260   Section        0  drv_bsp.o(.text._Z9BSP_LED_519Enum_BSP_LED_Status)
    [Anonymous Symbol]                       0x08004280   Section        0  drv_bsp.o(.text._Z9BSP_LED_619Enum_BSP_LED_Status)
    [Anonymous Symbol]                       0x080042a0   Section        0  drv_bsp.o(.text._Z9BSP_LED_719Enum_BSP_LED_Status)
    [Anonymous Symbol]                       0x080042c0   Section        0  drv_bsp.o(.text._Z9BSP_LED_819Enum_BSP_LED_Status)
    [Anonymous Symbol]                       0x080042e0   Section        0  drv_bsp.o(.text._Z9BSP_LED_G19Enum_BSP_LED_Status)
    [Anonymous Symbol]                       0x08004300   Section        0  drv_bsp.o(.text._Z9BSP_LED_R19Enum_BSP_LED_Status)
    [Anonymous Symbol]                       0x08004320   Section        0  drv_uart.o(.text._Z9Uart_InitP20__UART_HandleTypeDefPhtPFvS1_tE)
    [Anonymous Symbol]                       0x080044bc   Section        0  dvc_serialplot.o(.text._ZN16Class_Serialplot29TIM_Add_PeriodElapsedCallbackEv)
    [Anonymous Symbol]                       0x080044cc   Section        0  dvc_serialplot.o(.text._ZN16Class_Serialplot4InitEP20__UART_HandleTypeDefhPPc25Enum_Serialplot_Data_Typeh)
    [Anonymous Symbol]                       0x08004698   Section        0  dvc_serialplot.o(.text._ZN16Class_Serialplot6OutputEv)
    [Anonymous Symbol]                       0x080048bc   Section        0  dvc_serialplot.o(.text._ZN16Class_Serialplot8Set_DataEiz)
    [Anonymous Symbol]                       0x08004908   Section        0  main.o(.text._ZN16Class_SerialplotC2Ev)
    __NVIC_EnableIRQ                         0x08004921   Thumb Code    48  stm32f4xx_hal_cortex.o(.text.__NVIC_EnableIRQ)
    [Anonymous Symbol]                       0x08004920   Section        0  stm32f4xx_hal_cortex.o(.text.__NVIC_EnableIRQ)
    __NVIC_GetPriorityGrouping               0x08004951   Thumb Code    16  stm32f4xx_hal_cortex.o(.text.__NVIC_GetPriorityGrouping)
    [Anonymous Symbol]                       0x08004950   Section        0  stm32f4xx_hal_cortex.o(.text.__NVIC_GetPriorityGrouping)
    __NVIC_SetPriority                       0x08004961   Thumb Code    66  stm32f4xx_hal_cortex.o(.text.__NVIC_SetPriority)
    [Anonymous Symbol]                       0x08004960   Section        0  stm32f4xx_hal_cortex.o(.text.__NVIC_SetPriority)
    __NVIC_SetPriorityGrouping               0x080049a5   Thumb Code    60  stm32f4xx_hal_cortex.o(.text.__NVIC_SetPriorityGrouping)
    [Anonymous Symbol]                       0x080049a4   Section        0  stm32f4xx_hal_cortex.o(.text.__NVIC_SetPriorityGrouping)
    __cxx_global_var_init                    0x080049e1   Thumb Code    16  main.o(.text.__cxx_global_var_init)
    [Anonymous Symbol]                       0x080049e0   Section        0  main.o(.text.__cxx_global_var_init)
    [Anonymous Symbol]                       0x080049f0   Section        0  main.o(.text.main)
    $v0                                      0x08004b28   Number         0  fpinit.o(x$fpl$fpinit)
    x$fpl$fpinit                             0x08004b28   Section       26  fpinit.o(x$fpl$fpinit)
    DMA_CalcBaseAndBitshift.flagBitshiftOffset 0x08004b5a   Data           8  stm32f4xx_hal_dma.o(.rodata.DMA_CalcBaseAndBitshift.flagBitshiftOffset)
    [Anonymous Symbol]                       0x08004b5a   Section        0  stm32f4xx_hal_dma.o(.rodata.DMA_CalcBaseAndBitshift.flagBitshiftOffset)
    .init_array                              0x08004b88   Section        0  init_aeabi.o(.init_array)
    .bss                                     0x20000010   Section       96  libspace.o(.bss)
    HAL_CAN_RxFifo0MsgPendingCallback::can_rx_buffer 0x20000918   Data          36  drv_can.o(.bss._ZZ33HAL_CAN_RxFifo0MsgPendingCallbackE13can_rx_buffer)
    [Anonymous Symbol]                       0x20000918   Section        0  drv_can.o(.bss._ZZ33HAL_CAN_RxFifo0MsgPendingCallbackE13can_rx_buffer)
    HAL_CAN_RxFifo1MsgPendingCallback::can_rx_buffer 0x2000093c   Data          36  drv_can.o(.bss._ZZ33HAL_CAN_RxFifo1MsgPendingCallbackE13can_rx_buffer)
    [Anonymous Symbol]                       0x2000093c   Section        0  drv_can.o(.bss._ZZ33HAL_CAN_RxFifo1MsgPendingCallbackE13can_rx_buffer)
    Heap_Mem                                 0x20000af0   Data         512  startup_stm32f427xx.o(HEAP)
    HEAP                                     0x20000af0   Section      512  startup_stm32f427xx.o(HEAP)
    Stack_Mem                                0x20000cf0   Data        1024  startup_stm32f427xx.o(STACK)
    STACK                                    0x20000cf0   Section     1024  startup_stm32f427xx.o(STACK)
    __initial_sp                             0x200010f0   Data           0  startup_stm32f427xx.o(STACK)

    Global Symbols

    Symbol Name                              Value     Ov Type        Size  Object(Section)

    BuildAttributes$$THM_ISAv4$E$P$D$K$B$S$7EM$VFPi3$EXTD16$VFPS$VFMA$PE$A:L22UL41UL21$X:L11$S22US41US21$IEEE1$IW$~IW$USESV6$~STKCKD$USESV7$~SHL$OTIME$ROPI$IEEEX$EBA8$UX$STANDARDLIB$REQ8$PRES8$EABIv2 0x00000000   Number         0  anon$$obj.o ABSOLUTE
    __ARM_exceptions_init                     - Undefined Weak Reference
    __alloca_initialize                       - Undefined Weak Reference
    __arm_preinit_                            - Undefined Weak Reference
    __arm_relocate_pie_                       - Undefined Weak Reference
    __cxa_finalize                            - Undefined Weak Reference
    __rt_locale                               - Undefined Weak Reference
    __sigvec_lookup                           - Undefined Weak Reference
    _atexit_init                              - Undefined Weak Reference
    _call_atexit_fns                          - Undefined Weak Reference
    _clock_init                               - Undefined Weak Reference
    _fp_trap_init                             - Undefined Weak Reference
    _fp_trap_shutdown                         - Undefined Weak Reference
    _get_lc_collate                           - Undefined Weak Reference
    _get_lc_ctype                             - Undefined Weak Reference
    _get_lc_monetary                          - Undefined Weak Reference
    _get_lc_numeric                           - Undefined Weak Reference
    _get_lc_time                              - Undefined Weak Reference
    _getenv_init                              - Undefined Weak Reference
    _handle_redirection                       - Undefined Weak Reference
    _init_alloc                               - Undefined Weak Reference
    _init_user_alloc                          - Undefined Weak Reference
    _initio                                   - Undefined Weak Reference
    _rand_init                                - Undefined Weak Reference
    _signal_finish                            - Undefined Weak Reference
    _signal_init                              - Undefined Weak Reference
    _terminate_alloc                          - Undefined Weak Reference
    _terminate_user_alloc                     - Undefined Weak Reference
    _terminateio                              - Undefined Weak Reference
    __Vectors_Size                           0x000001ac   Number         0  startup_stm32f427xx.o ABSOLUTE
    __Vectors                                0x08000000   Data           4  startup_stm32f427xx.o(RESET)
    __Vectors_End                            0x080001ac   Data           0  startup_stm32f427xx.o(RESET)
    __main                                   0x080001ad   Thumb Code     8  __main.o(!!!main)
    __scatterload                            0x080001b5   Thumb Code     0  __scatter.o(!!!scatter)
    __scatterload_rt2                        0x080001b5   Thumb Code    84  __scatter.o(!!!scatter)
    __scatterload_rt2_thumb_only             0x080001b5   Thumb Code     0  __scatter.o(!!!scatter)
    __scatterload_loop                       0x080001bf   Thumb Code     0  __scatter.o(!!!scatter)
    __scatterload_copy                       0x08000211   Thumb Code    26  __scatter_copy.o(!!handler_copy)
    __scatterload_null                       0x0800022d   Thumb Code     2  __scatter.o(!!handler_null)
    __scatterload_zeroinit                   0x08000231   Thumb Code    28  __scatter_zi.o(!!handler_zi)
    __rt_lib_init                            0x0800024d   Thumb Code     0  libinit.o(.ARM.Collect$$libinit$$00000000)
    __rt_lib_init_fp_1                       0x0800024f   Thumb Code     0  libinit2.o(.ARM.Collect$$libinit$$00000001)
    __rt_lib_init_alloca_1                   0x08000253   Thumb Code     0  libinit2.o(.ARM.Collect$$libinit$$00000030)
    __rt_lib_init_argv_1                     0x08000253   Thumb Code     0  libinit2.o(.ARM.Collect$$libinit$$0000002E)
    __rt_lib_init_atexit_1                   0x08000253   Thumb Code     0  libinit2.o(.ARM.Collect$$libinit$$0000001D)
    __rt_lib_init_clock_1                    0x08000253   Thumb Code     0  libinit2.o(.ARM.Collect$$libinit$$00000023)
    __rt_lib_init_cpp_2                      0x08000253   Thumb Code     0  libinit2.o(.ARM.Collect$$libinit$$00000033)
    __rt_lib_init_exceptions_1               0x08000253   Thumb Code     0  libinit2.o(.ARM.Collect$$libinit$$00000032)
    __rt_lib_init_fp_trap_1                  0x08000253   Thumb Code     0  libinit2.o(.ARM.Collect$$libinit$$00000021)
    __rt_lib_init_getenv_1                   0x08000253   Thumb Code     0  libinit2.o(.ARM.Collect$$libinit$$00000025)
    __rt_lib_init_heap_1                     0x08000253   Thumb Code     0  libinit2.o(.ARM.Collect$$libinit$$0000000C)
    __rt_lib_init_lc_collate_1               0x08000253   Thumb Code     0  libinit2.o(.ARM.Collect$$libinit$$00000013)
    __rt_lib_init_lc_ctype_1                 0x08000253   Thumb Code     0  libinit2.o(.ARM.Collect$$libinit$$00000015)
    __rt_lib_init_lc_monetary_1              0x08000253   Thumb Code     0  libinit2.o(.ARM.Collect$$libinit$$00000017)
    __rt_lib_init_lc_numeric_1               0x08000253   Thumb Code     0  libinit2.o(.ARM.Collect$$libinit$$00000019)
    __rt_lib_init_lc_time_1                  0x08000253   Thumb Code     0  libinit2.o(.ARM.Collect$$libinit$$0000001B)
    __rt_lib_init_preinit_1                  0x08000253   Thumb Code     0  libinit2.o(.ARM.Collect$$libinit$$00000006)
    __rt_lib_init_rand_1                     0x08000253   Thumb Code     0  libinit2.o(.ARM.Collect$$libinit$$00000010)
    __rt_lib_init_relocate_pie_1             0x08000253   Thumb Code     0  libinit2.o(.ARM.Collect$$libinit$$00000004)
    __rt_lib_init_signal_1                   0x08000253   Thumb Code     0  libinit2.o(.ARM.Collect$$libinit$$0000001F)
    __rt_lib_init_stdio_1                    0x08000253   Thumb Code     0  libinit2.o(.ARM.Collect$$libinit$$00000027)
    __rt_lib_init_user_alloc_1               0x08000253   Thumb Code     0  libinit2.o(.ARM.Collect$$libinit$$0000000E)
    __rt_lib_init_cpp_1                      0x08000257   Thumb Code     0  libinit2.o(.ARM.Collect$$libinit$$00000034)
    __rt_lib_init_return                     0x08000257   Thumb Code     0  libinit2.o(.ARM.Collect$$libinit$$00000035)
    __rt_lib_shutdown                        0x08000259   Thumb Code     0  libshutdown.o(.ARM.Collect$$libshutdown$$00000000)
    __rt_lib_shutdown_cpp_1                  0x0800025b   Thumb Code     0  libshutdown2.o(.ARM.Collect$$libshutdown$$00000002)
    __rt_lib_shutdown_fp_trap_1              0x0800025b   Thumb Code     0  libshutdown2.o(.ARM.Collect$$libshutdown$$00000007)
    __rt_lib_shutdown_heap_1                 0x0800025b   Thumb Code     0  libshutdown2.o(.ARM.Collect$$libshutdown$$0000000F)
    __rt_lib_shutdown_return                 0x0800025b   Thumb Code     0  libshutdown2.o(.ARM.Collect$$libshutdown$$00000010)
    __rt_lib_shutdown_signal_1               0x0800025b   Thumb Code     0  libshutdown2.o(.ARM.Collect$$libshutdown$$0000000A)
    __rt_lib_shutdown_stdio_1                0x0800025b   Thumb Code     0  libshutdown2.o(.ARM.Collect$$libshutdown$$00000004)
    __rt_lib_shutdown_user_alloc_1           0x0800025b   Thumb Code     0  libshutdown2.o(.ARM.Collect$$libshutdown$$0000000C)
    __rt_entry                               0x0800025d   Thumb Code     0  __rtentry.o(.ARM.Collect$$rtentry$$00000000)
    __rt_entry_presh_1                       0x0800025d   Thumb Code     0  __rtentry2.o(.ARM.Collect$$rtentry$$00000002)
    __rt_entry_sh                            0x0800025d   Thumb Code     0  __rtentry4.o(.ARM.Collect$$rtentry$$00000004)
    __rt_entry_li                            0x08000263   Thumb Code     0  __rtentry2.o(.ARM.Collect$$rtentry$$0000000A)
    __rt_entry_postsh_1                      0x08000263   Thumb Code     0  __rtentry2.o(.ARM.Collect$$rtentry$$00000009)
    __rt_entry_main                          0x08000267   Thumb Code     0  __rtentry2.o(.ARM.Collect$$rtentry$$0000000D)
    __rt_entry_postli_1                      0x08000267   Thumb Code     0  __rtentry2.o(.ARM.Collect$$rtentry$$0000000C)
    __rt_exit                                0x0800026f   Thumb Code     0  rtexit.o(.ARM.Collect$$rtexit$$00000000)
    __rt_exit_ls                             0x08000271   Thumb Code     0  rtexit2.o(.ARM.Collect$$rtexit$$00000003)
    __rt_exit_prels_1                        0x08000271   Thumb Code     0  rtexit2.o(.ARM.Collect$$rtexit$$00000002)
    __rt_exit_exit                           0x08000275   Thumb Code     0  rtexit2.o(.ARM.Collect$$rtexit$$00000004)
    Reset_Handler                            0x0800027d   Thumb Code     8  startup_stm32f427xx.o(.text)
    ADC_IRQHandler                           0x08000297   Thumb Code     0  startup_stm32f427xx.o(.text)
    CAN1_SCE_IRQHandler                      0x08000297   Thumb Code     0  startup_stm32f427xx.o(.text)
    CAN1_TX_IRQHandler                       0x08000297   Thumb Code     0  startup_stm32f427xx.o(.text)
    CAN2_RX0_IRQHandler                      0x08000297   Thumb Code     0  startup_stm32f427xx.o(.text)
    CAN2_RX1_IRQHandler                      0x08000297   Thumb Code     0  startup_stm32f427xx.o(.text)
    CAN2_SCE_IRQHandler                      0x08000297   Thumb Code     0  startup_stm32f427xx.o(.text)
    CAN2_TX_IRQHandler                       0x08000297   Thumb Code     0  startup_stm32f427xx.o(.text)
    DCMI_IRQHandler                          0x08000297   Thumb Code     0  startup_stm32f427xx.o(.text)
    DMA1_Stream0_IRQHandler                  0x08000297   Thumb Code     0  startup_stm32f427xx.o(.text)
    DMA1_Stream1_IRQHandler                  0x08000297   Thumb Code     0  startup_stm32f427xx.o(.text)
    DMA1_Stream2_IRQHandler                  0x08000297   Thumb Code     0  startup_stm32f427xx.o(.text)
    DMA1_Stream3_IRQHandler                  0x08000297   Thumb Code     0  startup_stm32f427xx.o(.text)
    DMA1_Stream4_IRQHandler                  0x08000297   Thumb Code     0  startup_stm32f427xx.o(.text)
    DMA1_Stream7_IRQHandler                  0x08000297   Thumb Code     0  startup_stm32f427xx.o(.text)
    DMA2D_IRQHandler                         0x08000297   Thumb Code     0  startup_stm32f427xx.o(.text)
    DMA2_Stream0_IRQHandler                  0x08000297   Thumb Code     0  startup_stm32f427xx.o(.text)
    DMA2_Stream1_IRQHandler                  0x08000297   Thumb Code     0  startup_stm32f427xx.o(.text)
    DMA2_Stream2_IRQHandler                  0x08000297   Thumb Code     0  startup_stm32f427xx.o(.text)
    DMA2_Stream3_IRQHandler                  0x08000297   Thumb Code     0  startup_stm32f427xx.o(.text)
    DMA2_Stream4_IRQHandler                  0x08000297   Thumb Code     0  startup_stm32f427xx.o(.text)
    DMA2_Stream5_IRQHandler                  0x08000297   Thumb Code     0  startup_stm32f427xx.o(.text)
    DMA2_Stream6_IRQHandler                  0x08000297   Thumb Code     0  startup_stm32f427xx.o(.text)
    DMA2_Stream7_IRQHandler                  0x08000297   Thumb Code     0  startup_stm32f427xx.o(.text)
    ETH_IRQHandler                           0x08000297   Thumb Code     0  startup_stm32f427xx.o(.text)
    ETH_WKUP_IRQHandler                      0x08000297   Thumb Code     0  startup_stm32f427xx.o(.text)
    EXTI0_IRQHandler                         0x08000297   Thumb Code     0  startup_stm32f427xx.o(.text)
    EXTI15_10_IRQHandler                     0x08000297   Thumb Code     0  startup_stm32f427xx.o(.text)
    EXTI1_IRQHandler                         0x08000297   Thumb Code     0  startup_stm32f427xx.o(.text)
    EXTI2_IRQHandler                         0x08000297   Thumb Code     0  startup_stm32f427xx.o(.text)
    EXTI3_IRQHandler                         0x08000297   Thumb Code     0  startup_stm32f427xx.o(.text)
    EXTI4_IRQHandler                         0x08000297   Thumb Code     0  startup_stm32f427xx.o(.text)
    EXTI9_5_IRQHandler                       0x08000297   Thumb Code     0  startup_stm32f427xx.o(.text)
    FLASH_IRQHandler                         0x08000297   Thumb Code     0  startup_stm32f427xx.o(.text)
    FMC_IRQHandler                           0x08000297   Thumb Code     0  startup_stm32f427xx.o(.text)
    FPU_IRQHandler                           0x08000297   Thumb Code     0  startup_stm32f427xx.o(.text)
    HASH_RNG_IRQHandler                      0x08000297   Thumb Code     0  startup_stm32f427xx.o(.text)
    I2C1_ER_IRQHandler                       0x08000297   Thumb Code     0  startup_stm32f427xx.o(.text)
    I2C1_EV_IRQHandler                       0x08000297   Thumb Code     0  startup_stm32f427xx.o(.text)
    I2C2_ER_IRQHandler                       0x08000297   Thumb Code     0  startup_stm32f427xx.o(.text)
    I2C2_EV_IRQHandler                       0x08000297   Thumb Code     0  startup_stm32f427xx.o(.text)
    I2C3_ER_IRQHandler                       0x08000297   Thumb Code     0  startup_stm32f427xx.o(.text)
    I2C3_EV_IRQHandler                       0x08000297   Thumb Code     0  startup_stm32f427xx.o(.text)
    OTG_FS_IRQHandler                        0x08000297   Thumb Code     0  startup_stm32f427xx.o(.text)
    OTG_FS_WKUP_IRQHandler                   0x08000297   Thumb Code     0  startup_stm32f427xx.o(.text)
    OTG_HS_EP1_IN_IRQHandler                 0x08000297   Thumb Code     0  startup_stm32f427xx.o(.text)
    OTG_HS_EP1_OUT_IRQHandler                0x08000297   Thumb Code     0  startup_stm32f427xx.o(.text)
    OTG_HS_IRQHandler                        0x08000297   Thumb Code     0  startup_stm32f427xx.o(.text)
    OTG_HS_WKUP_IRQHandler                   0x08000297   Thumb Code     0  startup_stm32f427xx.o(.text)
    PVD_IRQHandler                           0x08000297   Thumb Code     0  startup_stm32f427xx.o(.text)
    RCC_IRQHandler                           0x08000297   Thumb Code     0  startup_stm32f427xx.o(.text)
    RTC_Alarm_IRQHandler                     0x08000297   Thumb Code     0  startup_stm32f427xx.o(.text)
    RTC_WKUP_IRQHandler                      0x08000297   Thumb Code     0  startup_stm32f427xx.o(.text)
    SAI1_IRQHandler                          0x08000297   Thumb Code     0  startup_stm32f427xx.o(.text)
    SDIO_IRQHandler                          0x08000297   Thumb Code     0  startup_stm32f427xx.o(.text)
    SPI1_IRQHandler                          0x08000297   Thumb Code     0  startup_stm32f427xx.o(.text)
    SPI2_IRQHandler                          0x08000297   Thumb Code     0  startup_stm32f427xx.o(.text)
    SPI3_IRQHandler                          0x08000297   Thumb Code     0  startup_stm32f427xx.o(.text)
    SPI4_IRQHandler                          0x08000297   Thumb Code     0  startup_stm32f427xx.o(.text)
    SPI5_IRQHandler                          0x08000297   Thumb Code     0  startup_stm32f427xx.o(.text)
    SPI6_IRQHandler                          0x08000297   Thumb Code     0  startup_stm32f427xx.o(.text)
    TAMP_STAMP_IRQHandler                    0x08000297   Thumb Code     0  startup_stm32f427xx.o(.text)
    TIM1_BRK_TIM9_IRQHandler                 0x08000297   Thumb Code     0  startup_stm32f427xx.o(.text)
    TIM1_CC_IRQHandler                       0x08000297   Thumb Code     0  startup_stm32f427xx.o(.text)
    TIM1_TRG_COM_TIM11_IRQHandler            0x08000297   Thumb Code     0  startup_stm32f427xx.o(.text)
    TIM1_UP_TIM10_IRQHandler                 0x08000297   Thumb Code     0  startup_stm32f427xx.o(.text)
    TIM2_IRQHandler                          0x08000297   Thumb Code     0  startup_stm32f427xx.o(.text)
    TIM3_IRQHandler                          0x08000297   Thumb Code     0  startup_stm32f427xx.o(.text)
    TIM4_IRQHandler                          0x08000297   Thumb Code     0  startup_stm32f427xx.o(.text)
    TIM5_IRQHandler                          0x08000297   Thumb Code     0  startup_stm32f427xx.o(.text)
    TIM6_DAC_IRQHandler                      0x08000297   Thumb Code     0  startup_stm32f427xx.o(.text)
    TIM7_IRQHandler                          0x08000297   Thumb Code     0  startup_stm32f427xx.o(.text)
    TIM8_BRK_TIM12_IRQHandler                0x08000297   Thumb Code     0  startup_stm32f427xx.o(.text)
    TIM8_CC_IRQHandler                       0x08000297   Thumb Code     0  startup_stm32f427xx.o(.text)
    TIM8_TRG_COM_TIM14_IRQHandler            0x08000297   Thumb Code     0  startup_stm32f427xx.o(.text)
    TIM8_UP_TIM13_IRQHandler                 0x08000297   Thumb Code     0  startup_stm32f427xx.o(.text)
    UART4_IRQHandler                         0x08000297   Thumb Code     0  startup_stm32f427xx.o(.text)
    UART5_IRQHandler                         0x08000297   Thumb Code     0  startup_stm32f427xx.o(.text)
    UART7_IRQHandler                         0x08000297   Thumb Code     0  startup_stm32f427xx.o(.text)
    UART8_IRQHandler                         0x08000297   Thumb Code     0  startup_stm32f427xx.o(.text)
    USART1_IRQHandler                        0x08000297   Thumb Code     0  startup_stm32f427xx.o(.text)
    USART3_IRQHandler                        0x08000297   Thumb Code     0  startup_stm32f427xx.o(.text)
    USART6_IRQHandler                        0x08000297   Thumb Code     0  startup_stm32f427xx.o(.text)
    WWDG_IRQHandler                          0x08000297   Thumb Code     0  startup_stm32f427xx.o(.text)
    __user_initial_stackheap                 0x08000299   Thumb Code     0  startup_stm32f427xx.o(.text)
    __aeabi_uldivmod                         0x080002bd   Thumb Code     0  lludivv7m.o(.text)
    _ll_udiv                                 0x080002bd   Thumb Code   240  lludivv7m.o(.text)
    __aeabi_memclr4                          0x080003ad   Thumb Code     0  rt_memclr_w.o(.text)
    __aeabi_memclr8                          0x080003ad   Thumb Code     0  rt_memclr_w.o(.text)
    __rt_memclr_w                            0x080003ad   Thumb Code     0  rt_memclr_w.o(.text)
    _memset_w                                0x080003b1   Thumb Code    74  rt_memclr_w.o(.text)
    __use_two_region_memory                  0x080003fb   Thumb Code     2  heapauxi.o(.text)
    __rt_heap_escrow$2region                 0x080003fd   Thumb Code     2  heapauxi.o(.text)
    __rt_heap_expand$2region                 0x080003ff   Thumb Code     2  heapauxi.o(.text)
    __cpp_initialize__aeabi_                 0x08000401   Thumb Code    36  init_aeabi.o(.text)
    __user_libspace                          0x0800042d   Thumb Code     8  libspace.o(.text)
    __user_perproc_libspace                  0x0800042d   Thumb Code     0  libspace.o(.text)
    __user_perthread_libspace                0x0800042d   Thumb Code     0  libspace.o(.text)
    __user_setup_stackheap                   0x08000435   Thumb Code    74  sys_stackheap_outer.o(.text)
    exit                                     0x0800047f   Thumb Code    18  exit.o(.text)
    _sys_exit                                0x08000491   Thumb Code     8  sys_exit.o(.text)
    __I$use$semihosting                      0x0800049d   Thumb Code     0  use_no_semi.o(.text)
    __use_no_semihosting_swi                 0x0800049d   Thumb Code     2  use_no_semi.o(.text)
    __semihosting_library_function           0x0800049f   Thumb Code     0  indicate_semi.o(.text)
    BusFault_Handler                         0x080004a1   Thumb Code     4  stm32f4xx_it.o(.text.BusFault_Handler)
    CAN1_RX0_IRQHandler                      0x080004a5   Thumb Code    16  stm32f4xx_it.o(.text.CAN1_RX0_IRQHandler)
    CAN1_RX1_IRQHandler                      0x080004b5   Thumb Code    16  stm32f4xx_it.o(.text.CAN1_RX1_IRQHandler)
    DMA1_Stream5_IRQHandler                  0x080004c5   Thumb Code    16  stm32f4xx_it.o(.text.DMA1_Stream5_IRQHandler)
    DMA1_Stream6_IRQHandler                  0x080004d5   Thumb Code    16  stm32f4xx_it.o(.text.DMA1_Stream6_IRQHandler)
    DebugMon_Handler                         0x0800067d   Thumb Code     2  stm32f4xx_it.o(.text.DebugMon_Handler)
    Error_Handler                            0x08000681   Thumb Code    14  main.o(.text.Error_Handler)
    HAL_CAN_ConfigFilter                     0x08000691   Thumb Code   420  stm32f4xx_hal_can.o(.text.HAL_CAN_ConfigFilter)
    HAL_CAN_ErrorCallback                    0x08000835   Thumb Code     8  stm32f4xx_hal_can.o(.text.HAL_CAN_ErrorCallback)
    HAL_CAN_GetRxMessage                     0x0800083d   Thumb Code   496  stm32f4xx_hal_can.o(.text.HAL_CAN_GetRxMessage)
    HAL_CAN_IRQHandler                       0x08000a2d   Thumb Code  1010  stm32f4xx_hal_can.o(.text.HAL_CAN_IRQHandler)
    HAL_CAN_Init                             0x08000e21   Thumb Code   478  stm32f4xx_hal_can.o(.text.HAL_CAN_Init)
    HAL_CAN_MspInit                          0x08001001   Thumb Code   180  can.o(.text.HAL_CAN_MspInit)
    HAL_CAN_RxFifo0FullCallback              0x080010b5   Thumb Code     8  stm32f4xx_hal_can.o(.text.HAL_CAN_RxFifo0FullCallback)
    HAL_CAN_RxFifo0MsgPendingCallback        0x080010bd   Thumb Code   124  drv_can.o(.text.HAL_CAN_RxFifo0MsgPendingCallback)
    HAL_CAN_RxFifo1FullCallback              0x08001139   Thumb Code     8  stm32f4xx_hal_can.o(.text.HAL_CAN_RxFifo1FullCallback)
    HAL_CAN_RxFifo1MsgPendingCallback        0x08001141   Thumb Code   124  drv_can.o(.text.HAL_CAN_RxFifo1MsgPendingCallback)
    HAL_CAN_SleepCallback                    0x080011bd   Thumb Code     8  stm32f4xx_hal_can.o(.text.HAL_CAN_SleepCallback)
    HAL_CAN_Start                            0x080011c5   Thumb Code   138  stm32f4xx_hal_can.o(.text.HAL_CAN_Start)
    HAL_CAN_TxMailbox0AbortCallback          0x08001251   Thumb Code     8  stm32f4xx_hal_can.o(.text.HAL_CAN_TxMailbox0AbortCallback)
    HAL_CAN_TxMailbox0CompleteCallback       0x08001259   Thumb Code     8  stm32f4xx_hal_can.o(.text.HAL_CAN_TxMailbox0CompleteCallback)
    HAL_CAN_TxMailbox1AbortCallback          0x08001261   Thumb Code     8  stm32f4xx_hal_can.o(.text.HAL_CAN_TxMailbox1AbortCallback)
    HAL_CAN_TxMailbox1CompleteCallback       0x08001269   Thumb Code     8  stm32f4xx_hal_can.o(.text.HAL_CAN_TxMailbox1CompleteCallback)
    HAL_CAN_TxMailbox2AbortCallback          0x08001271   Thumb Code     8  stm32f4xx_hal_can.o(.text.HAL_CAN_TxMailbox2AbortCallback)
    HAL_CAN_TxMailbox2CompleteCallback       0x08001279   Thumb Code     8  stm32f4xx_hal_can.o(.text.HAL_CAN_TxMailbox2CompleteCallback)
    HAL_CAN_WakeUpFromRxMsgCallback          0x08001281   Thumb Code     8  stm32f4xx_hal_can.o(.text.HAL_CAN_WakeUpFromRxMsgCallback)
    HAL_DMA_Abort                            0x08001289   Thumb Code   236  stm32f4xx_hal_dma.o(.text.HAL_DMA_Abort)
    HAL_DMA_Abort_IT                         0x08001375   Thumb Code    68  stm32f4xx_hal_dma.o(.text.HAL_DMA_Abort_IT)
    HAL_DMA_IRQHandler                       0x080013b9   Thumb Code   798  stm32f4xx_hal_dma.o(.text.HAL_DMA_IRQHandler)
    HAL_DMA_Init                             0x080016d9   Thumb Code   366  stm32f4xx_hal_dma.o(.text.HAL_DMA_Init)
    HAL_DMA_Start_IT                         0x08001849   Thumb Code   194  stm32f4xx_hal_dma.o(.text.HAL_DMA_Start_IT)
    HAL_Delay                                0x0800190d   Thumb Code    66  stm32f4xx_hal.o(.text.HAL_Delay)
    HAL_GPIO_Init                            0x08001951   Thumb Code  1006  stm32f4xx_hal_gpio.o(.text.HAL_GPIO_Init)
    HAL_GPIO_WritePin                        0x08001d41   Thumb Code    46  stm32f4xx_hal_gpio.o(.text.HAL_GPIO_WritePin)
    HAL_GetTick                              0x08001d71   Thumb Code    12  stm32f4xx_hal.o(.text.HAL_GetTick)
    HAL_IncTick                              0x08001d7d   Thumb Code    26  stm32f4xx_hal.o(.text.HAL_IncTick)
    HAL_Init                                 0x08001d99   Thumb Code    54  stm32f4xx_hal.o(.text.HAL_Init)
    HAL_InitTick                             0x08001dd1   Thumb Code   112  stm32f4xx_hal.o(.text.HAL_InitTick)
    HAL_MspInit                              0x08001e41   Thumb Code    74  stm32f4xx_hal_msp.o(.text.HAL_MspInit)
    HAL_NVIC_EnableIRQ                       0x08001e8d   Thumb Code    20  stm32f4xx_hal_cortex.o(.text.HAL_NVIC_EnableIRQ)
    HAL_NVIC_SetPriority                     0x08001ea1   Thumb Code    50  stm32f4xx_hal_cortex.o(.text.HAL_NVIC_SetPriority)
    HAL_NVIC_SetPriorityGrouping             0x08001ed5   Thumb Code    16  stm32f4xx_hal_cortex.o(.text.HAL_NVIC_SetPriorityGrouping)
    HAL_PWREx_EnableOverDrive                0x08001ee5   Thumb Code   190  stm32f4xx_hal_pwr_ex.o(.text.HAL_PWREx_EnableOverDrive)
    HAL_RCC_ClockConfig                      0x08001fa5   Thumb Code   610  stm32f4xx_hal_rcc.o(.text.HAL_RCC_ClockConfig)
    HAL_RCC_GetHCLKFreq                      0x08002209   Thumb Code    12  stm32f4xx_hal_rcc.o(.text.HAL_RCC_GetHCLKFreq)
    HAL_RCC_GetPCLK1Freq                     0x08002215   Thumb Code    34  stm32f4xx_hal_rcc.o(.text.HAL_RCC_GetPCLK1Freq)
    HAL_RCC_GetPCLK2Freq                     0x08002239   Thumb Code    34  stm32f4xx_hal_rcc.o(.text.HAL_RCC_GetPCLK2Freq)
    HAL_RCC_GetSysClockFreq                  0x0800225d   Thumb Code   230  stm32f4xx_hal_rcc.o(.text.HAL_RCC_GetSysClockFreq)
    HAL_RCC_OscConfig                        0x08002345   Thumb Code  1726  stm32f4xx_hal_rcc.o(.text.HAL_RCC_OscConfig)
    HAL_SYSTICK_Config                       0x08002a05   Thumb Code    16  stm32f4xx_hal_cortex.o(.text.HAL_SYSTICK_Config)
    HAL_UARTEx_ReceiveToIdle_DMA             0x08002a15   Thumb Code   222  stm32f4xx_hal_uart.o(.text.HAL_UARTEx_ReceiveToIdle_DMA)
    HAL_UARTEx_RxEventCallback               0x08002af5   Thumb Code   428  drv_uart.o(.text.HAL_UARTEx_RxEventCallback)
    HAL_UART_ErrorCallback                   0x08002ca1   Thumb Code     8  stm32f4xx_hal_uart.o(.text.HAL_UART_ErrorCallback)
    HAL_UART_IRQHandler                      0x08002ca9   Thumb Code  1054  stm32f4xx_hal_uart.o(.text.HAL_UART_IRQHandler)
    HAL_UART_Init                            0x080030c9   Thumb Code   154  stm32f4xx_hal_uart.o(.text.HAL_UART_Init)
    HAL_UART_MspInit                         0x08003165   Thumb Code   332  usart.o(.text.HAL_UART_MspInit)
    HAL_UART_RxCpltCallback                  0x080032b1   Thumb Code     8  stm32f4xx_hal_uart.o(.text.HAL_UART_RxCpltCallback)
    HAL_UART_RxHalfCpltCallback              0x080032b9   Thumb Code     8  stm32f4xx_hal_uart.o(.text.HAL_UART_RxHalfCpltCallback)
    HAL_UART_Transmit_DMA                    0x080032c1   Thumb Code   272  stm32f4xx_hal_uart.o(.text.HAL_UART_Transmit_DMA)
    HAL_UART_TxCpltCallback                  0x080033d1   Thumb Code     8  stm32f4xx_hal_uart.o(.text.HAL_UART_TxCpltCallback)
    HAL_UART_TxHalfCpltCallback              0x080033d9   Thumb Code     8  stm32f4xx_hal_uart.o(.text.HAL_UART_TxHalfCpltCallback)
    HardFault_Handler                        0x080033e1   Thumb Code     4  stm32f4xx_it.o(.text.HardFault_Handler)
    MX_CAN1_Init                             0x080033e5   Thumb Code    78  can.o(.text.MX_CAN1_Init)
    MX_DMA_Init                              0x08003435   Thumb Code    80  dma.o(.text.MX_DMA_Init)
    MX_GPIO_Init                             0x08003485   Thumb Code   168  gpio.o(.text.MX_GPIO_Init)
    MX_USART2_UART_Init                      0x0800352d   Thumb Code    64  usart.o(.text.MX_USART2_UART_Init)
    MemManage_Handler                        0x0800356d   Thumb Code     4  stm32f4xx_it.o(.text.MemManage_Handler)
    NMI_Handler                              0x08003571   Thumb Code     4  stm32f4xx_it.o(.text.NMI_Handler)
    PendSV_Handler                           0x080035e1   Thumb Code     2  stm32f4xx_it.o(.text.PendSV_Handler)
    SVC_Handler                              0x080035e5   Thumb Code     2  stm32f4xx_it.o(.text.SVC_Handler)
    SysTick_Handler                          0x0800363d   Thumb Code     8  stm32f4xx_it.o(.text.SysTick_Handler)
    SystemInit                               0x08003645   Thumb Code    18  system_stm32f4xx.o(.text.SystemInit)
    UART_Start_Receive_DMA                   0x08003c3d   Thumb Code   280  stm32f4xx_hal_uart.o(.text.UART_Start_Receive_DMA)
    USART2_IRQHandler                        0x08003de9   Thumb Code    16  stm32f4xx_it.o(.text.USART2_IRQHandler)
    UsageFault_Handler                       0x08003df9   Thumb Code     4  stm32f4xx_it.o(.text.UsageFault_Handler)
    BSP_DC24_LD(Enum_BSP_DC24_Status)        0x08003e05   Thumb Code    30  drv_bsp.o(.text._Z11BSP_DC24_LD20Enum_BSP_DC24_Status)
    BSP_DC24_LU(Enum_BSP_DC24_Status)        0x08003e25   Thumb Code    30  drv_bsp.o(.text._Z11BSP_DC24_LU20Enum_BSP_DC24_Status)
    BSP_DC24_RD(Enum_BSP_DC24_Status)        0x08003e45   Thumb Code    30  drv_bsp.o(.text._Z11BSP_DC24_RD20Enum_BSP_DC24_Status)
    BSP_DC24_RU(Enum_BSP_DC24_Status)        0x08003e65   Thumb Code    30  drv_bsp.o(.text._Z11BSP_DC24_RU20Enum_BSP_DC24_Status)
    UART_Send_Data(__UART_HandleTypeDef*, unsigned char*, unsigned short) 0x08003e85   Thumb Code    28  drv_uart.o(.text._Z14UART_Send_DataP20__UART_HandleTypeDefPht)
    SystemClock_Config()                     0x08003ea1   Thumb Code   202  main.o(.text._Z18SystemClock_Configv)
    CAN_Motor_Call_Back(Struct_CAN_Rx_Buffer*) 0x08003f6d   Thumb Code   104  main.o(.text._Z19CAN_Motor_Call_BackP20Struct_CAN_Rx_Buffer)
    CAN_Filter_Mask_Config(__CAN_HandleTypeDef*, unsigned char, unsigned int, unsigned int) 0x08003fd5   Thumb Code   158  drv_can.o(.text._Z22CAN_Filter_Mask_ConfigP19__CAN_HandleTypeDefhjj)
    TIM_UART_PeriodElapsedCallback()         0x08004075   Thumb Code    26  drv_uart.o(.text._Z30TIM_UART_PeriodElapsedCallbackv)
    BSP_Init(unsigned int, float, float)     0x08004091   Thumb Code   218  drv_bsp.o(.text._Z8BSP_Initjff)
    CAN_Init(__CAN_HandleTypeDef*, void (*)(Struct_CAN_Rx_Buffer*)) 0x0800416d   Thumb Code   116  drv_can.o(.text._Z8CAN_InitP19__CAN_HandleTypeDefPFvP20Struct_CAN_Rx_BufferE)
    BSP_LED_1(Enum_BSP_LED_Status)           0x080041e1   Thumb Code    30  drv_bsp.o(.text._Z9BSP_LED_119Enum_BSP_LED_Status)
    BSP_LED_2(Enum_BSP_LED_Status)           0x08004201   Thumb Code    30  drv_bsp.o(.text._Z9BSP_LED_219Enum_BSP_LED_Status)
    BSP_LED_3(Enum_BSP_LED_Status)           0x08004221   Thumb Code    30  drv_bsp.o(.text._Z9BSP_LED_319Enum_BSP_LED_Status)
    BSP_LED_4(Enum_BSP_LED_Status)           0x08004241   Thumb Code    30  drv_bsp.o(.text._Z9BSP_LED_419Enum_BSP_LED_Status)
    BSP_LED_5(Enum_BSP_LED_Status)           0x08004261   Thumb Code    30  drv_bsp.o(.text._Z9BSP_LED_519Enum_BSP_LED_Status)
    BSP_LED_6(Enum_BSP_LED_Status)           0x08004281   Thumb Code    30  drv_bsp.o(.text._Z9BSP_LED_619Enum_BSP_LED_Status)
    BSP_LED_7(Enum_BSP_LED_Status)           0x080042a1   Thumb Code    30  drv_bsp.o(.text._Z9BSP_LED_719Enum_BSP_LED_Status)
    BSP_LED_8(Enum_BSP_LED_Status)           0x080042c1   Thumb Code    32  drv_bsp.o(.text._Z9BSP_LED_819Enum_BSP_LED_Status)
    BSP_LED_G(Enum_BSP_LED_Status)           0x080042e1   Thumb Code    32  drv_bsp.o(.text._Z9BSP_LED_G19Enum_BSP_LED_Status)
    BSP_LED_R(Enum_BSP_LED_Status)           0x08004301   Thumb Code    32  drv_bsp.o(.text._Z9BSP_LED_R19Enum_BSP_LED_Status)
    Uart_Init(__UART_HandleTypeDef*, unsigned char*, unsigned short, void (*)(unsigned char*, unsigned short)) 0x08004321   Thumb Code   412  drv_uart.o(.text._Z9Uart_InitP20__UART_HandleTypeDefPhtPFvS1_tE)
    Class_Serialplot::TIM_Add_PeriodElapsedCallback() 0x080044bd   Thumb Code    16  dvc_serialplot.o(.text._ZN16Class_Serialplot29TIM_Add_PeriodElapsedCallbackEv)
    Class_Serialplot::Init(__UART_HandleTypeDef*, unsigned char, char**, Enum_Serialplot_Data_Type, unsigned char) 0x080044cd   Thumb Code   458  dvc_serialplot.o(.text._ZN16Class_Serialplot4InitEP20__UART_HandleTypeDefhPPc25Enum_Serialplot_Data_Typeh)
    Class_Serialplot::Output()               0x08004699   Thumb Code   548  dvc_serialplot.o(.text._ZN16Class_Serialplot6OutputEv)
    Class_Serialplot::Set_Data(int, ...)     0x080048bd   Thumb Code    74  dvc_serialplot.o(.text._ZN16Class_Serialplot8Set_DataEiz)
    Class_Serialplot::Class_Serialplot__sub_object() 0x08004909   Thumb Code    24  main.o(.text._ZN16Class_SerialplotC2Ev)
    main                                     0x080049f1   Thumb Code   308  main.o(.text.main)
    _fp_init                                 0x08004b29   Thumb Code    26  fpinit.o(x$fpl$fpinit)
    __fplib_config_fpu_vfp                   0x08004b41   Thumb Code     0  fpinit.o(x$fpl$fpinit)
    __fplib_config_pureend_doubles           0x08004b41   Thumb Code     0  fpinit.o(x$fpl$fpinit)
    AHBPrescTable                            0x08004b42   Data          16  system_stm32f4xx.o(.rodata.AHBPrescTable)
    APBPrescTable                            0x08004b52   Data           8  system_stm32f4xx.o(.rodata.APBPrescTable)
    Region$$Table$$Base                      0x08004b64   Number         0  anon$$obj.o(Region$$Table)
    Region$$Table$$Limit                     0x08004b84   Number         0  anon$$obj.o(Region$$Table)
    SHT$$INIT_ARRAY$$Base                    0x08004b84   Number         0  main.o(.init_array)
    SHT$$INIT_ARRAY$$Limit                   0x08004b88   Number         0  init_aeabi.o(.init_array)
    SystemCoreClock                          0x20000000   Data           4  system_stm32f4xx.o(.data.SystemCoreClock)
    uwTickFreq                               0x20000004   Data           1  stm32f4xx_hal.o(.data.uwTickFreq)
    uwTickPrio                               0x20000008   Data           4  stm32f4xx_hal.o(.data.uwTickPrio)
    __libspace_start                         0x20000010   Data          96  libspace.o(.bss)
    CAN1_Manage_Object                       0x20000070   Data           8  drv_can.o(.bss.CAN1_Manage_Object)
    __temporary_stack_top$libspace           0x20000070   Data           0  libspace.o(.bss)
    CAN2_Manage_Object                       0x20000078   Data           8  drv_can.o(.bss.CAN2_Manage_Object)
    Rx_Encoder                               0x20000080   Data           2  main.o(.bss.Rx_Encoder)
    Rx_Omega                                 0x20000082   Data           2  main.o(.bss.Rx_Omega)
    Rx_Temperature                           0x20000084   Data           2  main.o(.bss.Rx_Temperature)
    Rx_Torque                                0x20000086   Data           2  main.o(.bss.Rx_Torque)
    Tx_Encoder                               0x20000088   Data           4  main.o(.bss.Tx_Encoder)
    Tx_Omega                                 0x2000008c   Data           4  main.o(.bss.Tx_Omega)
    Tx_Temperature                           0x20000090   Data           4  main.o(.bss.Tx_Temperature)
    Tx_Torque                                0x20000094   Data           4  main.o(.bss.Tx_Torque)
    UART1_Manage_Object                      0x20000098   Data          16  drv_uart.o(.bss.UART1_Manage_Object)
    UART1_Tx_Data                            0x200000a8   Data         256  drv_uart.o(.bss.UART1_Tx_Data)
    UART2_Manage_Object                      0x200001a8   Data          16  drv_uart.o(.bss.UART2_Manage_Object)
    UART2_Tx_Data                            0x200001b8   Data         256  drv_uart.o(.bss.UART2_Tx_Data)
    UART3_Manage_Object                      0x200002b8   Data          16  drv_uart.o(.bss.UART3_Manage_Object)
    UART3_Tx_Data                            0x200002c8   Data         256  drv_uart.o(.bss.UART3_Tx_Data)
    UART4_Manage_Object                      0x200003c8   Data          16  drv_uart.o(.bss.UART4_Manage_Object)
    UART4_Tx_Data                            0x200003d8   Data         256  drv_uart.o(.bss.UART4_Tx_Data)
    UART5_Manage_Object                      0x200004d8   Data          16  drv_uart.o(.bss.UART5_Manage_Object)
    UART5_Tx_Data                            0x200004e8   Data         256  drv_uart.o(.bss.UART5_Tx_Data)
    UART6_Manage_Object                      0x200005e8   Data          16  drv_uart.o(.bss.UART6_Manage_Object)
    UART6_Tx_Data                            0x200005f8   Data         256  drv_uart.o(.bss.UART6_Tx_Data)
    UART7_Manage_Object                      0x200006f8   Data          16  drv_uart.o(.bss.UART7_Manage_Object)
    UART7_Tx_Data                            0x20000708   Data         256  drv_uart.o(.bss.UART7_Tx_Data)
    UART8_Manage_Object                      0x20000808   Data          16  drv_uart.o(.bss.UART8_Manage_Object)
    UART8_Tx_Data                            0x20000818   Data         256  drv_uart.o(.bss.UART8_Tx_Data)
    hcan1                                    0x20000960   Data          40  can.o(.bss.hcan1)
    hdma_usart2_rx                           0x20000988   Data          96  usart.o(.bss.hdma_usart2_rx)
    hdma_usart2_tx                           0x200009e8   Data          96  usart.o(.bss.hdma_usart2_tx)
    huart2                                   0x20000a48   Data          68  usart.o(.bss.huart2)
    serialplot                               0x20000a90   Data          88  main.o(.bss.serialplot)
    uwTick                                   0x20000ae8   Data           4  stm32f4xx_hal.o(.bss.uwTick)



==============================================================================

Memory Map of the image

  Image Entry point : 0x080001ad

  Load Region LR_IROM1 (Base: 0x08000000, Size: 0x00004b98, Max: 0x00200000, ABSOLUTE)

    Execution Region ER_IROM1 (Exec base: 0x08000000, Load base: 0x08000000, Size: 0x00004b88, Max: 0x00200000, ABSOLUTE)

    Exec Addr    Load Addr    Size         Type   Attr      Idx    E Section Name        Object

    0x08000000   0x08000000   0x000001ac   Data   RO            3    RESET               startup_stm32f427xx.o
    0x080001ac   0x080001ac   0x00000008   Code   RO          955  * !!!main             c_w.l(__main.o)
    0x080001b4   0x080001b4   0x0000005c   Code   RO         1230    !!!scatter          c_w.l(__scatter.o)
    0x08000210   0x08000210   0x0000001a   Code   RO         1234    !!handler_copy      c_w.l(__scatter_copy.o)
    0x0800022a   0x0800022a   0x00000002   PAD
    0x0800022c   0x0800022c   0x00000002   Code   RO         1231    !!handler_null      c_w.l(__scatter.o)
    0x0800022e   0x0800022e   0x00000002   PAD
    0x08000230   0x08000230   0x0000001c   Code   RO         1236    !!handler_zi        c_w.l(__scatter_zi.o)
    0x0800024c   0x0800024c   0x00000002   Code   RO         1144    .ARM.Collect$$libinit$$00000000  c_w.l(libinit.o)
    0x0800024e   0x0800024e   0x00000004   Code   RO          997    .ARM.Collect$$libinit$$00000001  c_w.l(libinit2.o)
    0x08000252   0x08000252   0x00000000   Code   RO         1000    .ARM.Collect$$libinit$$00000004  c_w.l(libinit2.o)
    0x08000252   0x08000252   0x00000000   Code   RO         1002    .ARM.Collect$$libinit$$00000006  c_w.l(libinit2.o)
    0x08000252   0x08000252   0x00000000   Code   RO         1005    .ARM.Collect$$libinit$$0000000C  c_w.l(libinit2.o)
    0x08000252   0x08000252   0x00000000   Code   RO         1007    .ARM.Collect$$libinit$$0000000E  c_w.l(libinit2.o)
    0x08000252   0x08000252   0x00000000   Code   RO         1009    .ARM.Collect$$libinit$$00000010  c_w.l(libinit2.o)
    0x08000252   0x08000252   0x00000000   Code   RO         1012    .ARM.Collect$$libinit$$00000013  c_w.l(libinit2.o)
    0x08000252   0x08000252   0x00000000   Code   RO         1014    .ARM.Collect$$libinit$$00000015  c_w.l(libinit2.o)
    0x08000252   0x08000252   0x00000000   Code   RO         1016    .ARM.Collect$$libinit$$00000017  c_w.l(libinit2.o)
    0x08000252   0x08000252   0x00000000   Code   RO         1018    .ARM.Collect$$libinit$$00000019  c_w.l(libinit2.o)
    0x08000252   0x08000252   0x00000000   Code   RO         1020    .ARM.Collect$$libinit$$0000001B  c_w.l(libinit2.o)
    0x08000252   0x08000252   0x00000000   Code   RO         1022    .ARM.Collect$$libinit$$0000001D  c_w.l(libinit2.o)
    0x08000252   0x08000252   0x00000000   Code   RO         1024    .ARM.Collect$$libinit$$0000001F  c_w.l(libinit2.o)
    0x08000252   0x08000252   0x00000000   Code   RO         1026    .ARM.Collect$$libinit$$00000021  c_w.l(libinit2.o)
    0x08000252   0x08000252   0x00000000   Code   RO         1028    .ARM.Collect$$libinit$$00000023  c_w.l(libinit2.o)
    0x08000252   0x08000252   0x00000000   Code   RO         1030    .ARM.Collect$$libinit$$00000025  c_w.l(libinit2.o)
    0x08000252   0x08000252   0x00000000   Code   RO         1032    .ARM.Collect$$libinit$$00000027  c_w.l(libinit2.o)
    0x08000252   0x08000252   0x00000000   Code   RO         1036    .ARM.Collect$$libinit$$0000002E  c_w.l(libinit2.o)
    0x08000252   0x08000252   0x00000000   Code   RO         1038    .ARM.Collect$$libinit$$00000030  c_w.l(libinit2.o)
    0x08000252   0x08000252   0x00000000   Code   RO         1040    .ARM.Collect$$libinit$$00000032  c_w.l(libinit2.o)
    0x08000252   0x08000252   0x00000004   Code   RO         1041    .ARM.Collect$$libinit$$00000033  c_w.l(libinit2.o)
    0x08000256   0x08000256   0x00000000   Code   RO         1042    .ARM.Collect$$libinit$$00000034  c_w.l(libinit2.o)
    0x08000256   0x08000256   0x00000002   Code   RO         1043    .ARM.Collect$$libinit$$00000035  c_w.l(libinit2.o)
    0x08000258   0x08000258   0x00000002   Code   RO         1197    .ARM.Collect$$libshutdown$$00000000  c_w.l(libshutdown.o)
    0x0800025a   0x0800025a   0x00000000   Code   RO         1213    .ARM.Collect$$libshutdown$$00000002  c_w.l(libshutdown2.o)
    0x0800025a   0x0800025a   0x00000000   Code   RO         1215    .ARM.Collect$$libshutdown$$00000004  c_w.l(libshutdown2.o)
    0x0800025a   0x0800025a   0x00000000   Code   RO         1218    .ARM.Collect$$libshutdown$$00000007  c_w.l(libshutdown2.o)
    0x0800025a   0x0800025a   0x00000000   Code   RO         1221    .ARM.Collect$$libshutdown$$0000000A  c_w.l(libshutdown2.o)
    0x0800025a   0x0800025a   0x00000000   Code   RO         1223    .ARM.Collect$$libshutdown$$0000000C  c_w.l(libshutdown2.o)
    0x0800025a   0x0800025a   0x00000000   Code   RO         1226    .ARM.Collect$$libshutdown$$0000000F  c_w.l(libshutdown2.o)
    0x0800025a   0x0800025a   0x00000002   Code   RO         1227    .ARM.Collect$$libshutdown$$00000010  c_w.l(libshutdown2.o)
    0x0800025c   0x0800025c   0x00000000   Code   RO          990    .ARM.Collect$$rtentry$$00000000  c_w.l(__rtentry.o)
    0x0800025c   0x0800025c   0x00000000   Code   RO         1093    .ARM.Collect$$rtentry$$00000002  c_w.l(__rtentry2.o)
    0x0800025c   0x0800025c   0x00000006   Code   RO         1105    .ARM.Collect$$rtentry$$00000004  c_w.l(__rtentry4.o)
    0x08000262   0x08000262   0x00000000   Code   RO         1095    .ARM.Collect$$rtentry$$00000009  c_w.l(__rtentry2.o)
    0x08000262   0x08000262   0x00000004   Code   RO         1096    .ARM.Collect$$rtentry$$0000000A  c_w.l(__rtentry2.o)
    0x08000266   0x08000266   0x00000000   Code   RO         1098    .ARM.Collect$$rtentry$$0000000C  c_w.l(__rtentry2.o)
    0x08000266   0x08000266   0x00000008   Code   RO         1099    .ARM.Collect$$rtentry$$0000000D  c_w.l(__rtentry2.o)
    0x0800026e   0x0800026e   0x00000002   Code   RO         1153    .ARM.Collect$$rtexit$$00000000  c_w.l(rtexit.o)
    0x08000270   0x08000270   0x00000000   Code   RO         1177    .ARM.Collect$$rtexit$$00000002  c_w.l(rtexit2.o)
    0x08000270   0x08000270   0x00000004   Code   RO         1178    .ARM.Collect$$rtexit$$00000003  c_w.l(rtexit2.o)
    0x08000274   0x08000274   0x00000006   Code   RO         1179    .ARM.Collect$$rtexit$$00000004  c_w.l(rtexit2.o)
    0x0800027a   0x0800027a   0x00000002   PAD
    0x0800027c   0x0800027c   0x00000040   Code   RO            4    .text               startup_stm32f427xx.o
    0x080002bc   0x080002bc   0x000000f0   Code   RO          947    .text               c_w.l(lludivv7m.o)
    0x080003ac   0x080003ac   0x0000004e   Code   RO          949    .text               c_w.l(rt_memclr_w.o)
    0x080003fa   0x080003fa   0x00000006   Code   RO          953    .text               c_w.l(heapauxi.o)
    0x08000400   0x08000400   0x0000002c   Code   RO          960    .text               c_w.l(init_aeabi.o)
    0x0800042c   0x0800042c   0x00000008   Code   RO         1124    .text               c_w.l(libspace.o)
    0x08000434   0x08000434   0x0000004a   Code   RO         1127    .text               c_w.l(sys_stackheap_outer.o)
    0x0800047e   0x0800047e   0x00000012   Code   RO         1129    .text               c_w.l(exit.o)
    0x08000490   0x08000490   0x0000000c   Code   RO         1169    .text               c_w.l(sys_exit.o)
    0x0800049c   0x0800049c   0x00000002   Code   RO         1173    .text               c_w.l(use_no_semi.o)
    0x0800049e   0x0800049e   0x00000000   Code   RO         1175    .text               c_w.l(indicate_semi.o)
    0x0800049e   0x0800049e   0x00000002   PAD
    0x080004a0   0x080004a0   0x00000004   Code   RO           95    .text.BusFault_Handler  stm32f4xx_it.o
    0x080004a4   0x080004a4   0x00000010   Code   RO          111    .text.CAN1_RX0_IRQHandler  stm32f4xx_it.o
    0x080004b4   0x080004b4   0x00000010   Code   RO          113    .text.CAN1_RX1_IRQHandler  stm32f4xx_it.o
    0x080004c4   0x080004c4   0x00000010   Code   RO          107    .text.DMA1_Stream5_IRQHandler  stm32f4xx_it.o
    0x080004d4   0x080004d4   0x00000010   Code   RO          109    .text.DMA1_Stream6_IRQHandler  stm32f4xx_it.o
    0x080004e4   0x080004e4   0x00000056   Code   RO          537    .text.DMA_CalcBaseAndBitshift  stm32f4xx_hal_dma.o
    0x0800053a   0x0800053a   0x00000002   PAD
    0x0800053c   0x0800053c   0x000000f0   Code   RO          535    .text.DMA_CheckFifoParam  stm32f4xx_hal_dma.o
    0x0800062c   0x0800062c   0x00000050   Code   RO          543    .text.DMA_SetConfig  stm32f4xx_hal_dma.o
    0x0800067c   0x0800067c   0x00000002   Code   RO          101    .text.DebugMon_Handler  stm32f4xx_it.o
    0x0800067e   0x0800067e   0x00000002   PAD
    0x08000680   0x08000680   0x0000000e   Code   RO           19    .text.Error_Handler  main.o
    0x0800068e   0x0800068e   0x00000002   PAD
    0x08000690   0x08000690   0x000001a4   Code   RO          270    .text.HAL_CAN_ConfigFilter  stm32f4xx_hal_can.o
    0x08000834   0x08000834   0x00000008   Code   RO          324    .text.HAL_CAN_ErrorCallback  stm32f4xx_hal_can.o
    0x0800083c   0x0800083c   0x000001f0   Code   RO          290    .text.HAL_CAN_GetRxMessage  stm32f4xx_hal_can.o
    0x08000a2c   0x08000a2c   0x000003f2   Code   RO          298    .text.HAL_CAN_IRQHandler  stm32f4xx_hal_can.o
    0x08000e1e   0x08000e1e   0x00000002   PAD
    0x08000e20   0x08000e20   0x000001de   Code   RO          260    .text.HAL_CAN_Init  stm32f4xx_hal_can.o
    0x08000ffe   0x08000ffe   0x00000002   PAD
    0x08001000   0x08001000   0x000000b4   Code   RO           53    .text.HAL_CAN_MspInit  can.o
    0x080010b4   0x080010b4   0x00000008   Code   RO          312    .text.HAL_CAN_RxFifo0FullCallback  stm32f4xx_hal_can.o
    0x080010bc   0x080010bc   0x0000007c   Code   RO          237    .text.HAL_CAN_RxFifo0MsgPendingCallback  drv_can.o
    0x08001138   0x08001138   0x00000008   Code   RO          316    .text.HAL_CAN_RxFifo1FullCallback  stm32f4xx_hal_can.o
    0x08001140   0x08001140   0x0000007c   Code   RO          239    .text.HAL_CAN_RxFifo1MsgPendingCallback  drv_can.o
    0x080011bc   0x080011bc   0x00000008   Code   RO          320    .text.HAL_CAN_SleepCallback  stm32f4xx_hal_can.o
    0x080011c4   0x080011c4   0x0000008a   Code   RO          272    .text.HAL_CAN_Start  stm32f4xx_hal_can.o
    0x0800124e   0x0800124e   0x00000002   PAD
    0x08001250   0x08001250   0x00000008   Code   RO          302    .text.HAL_CAN_TxMailbox0AbortCallback  stm32f4xx_hal_can.o
    0x08001258   0x08001258   0x00000008   Code   RO          300    .text.HAL_CAN_TxMailbox0CompleteCallback  stm32f4xx_hal_can.o
    0x08001260   0x08001260   0x00000008   Code   RO          306    .text.HAL_CAN_TxMailbox1AbortCallback  stm32f4xx_hal_can.o
    0x08001268   0x08001268   0x00000008   Code   RO          304    .text.HAL_CAN_TxMailbox1CompleteCallback  stm32f4xx_hal_can.o
    0x08001270   0x08001270   0x00000008   Code   RO          310    .text.HAL_CAN_TxMailbox2AbortCallback  stm32f4xx_hal_can.o
    0x08001278   0x08001278   0x00000008   Code   RO          308    .text.HAL_CAN_TxMailbox2CompleteCallback  stm32f4xx_hal_can.o
    0x08001280   0x08001280   0x00000008   Code   RO          322    .text.HAL_CAN_WakeUpFromRxMsgCallback  stm32f4xx_hal_can.o
    0x08001288   0x08001288   0x000000ec   Code   RO          547    .text.HAL_DMA_Abort  stm32f4xx_hal_dma.o
    0x08001374   0x08001374   0x00000044   Code   RO          549    .text.HAL_DMA_Abort_IT  stm32f4xx_hal_dma.o
    0x080013b8   0x080013b8   0x0000031e   Code   RO          553    .text.HAL_DMA_IRQHandler  stm32f4xx_hal_dma.o
    0x080016d6   0x080016d6   0x00000002   PAD
    0x080016d8   0x080016d8   0x0000016e   Code   RO          533    .text.HAL_DMA_Init  stm32f4xx_hal_dma.o
    0x08001846   0x08001846   0x00000002   PAD
    0x08001848   0x08001848   0x000000c2   Code   RO          545    .text.HAL_DMA_Start_IT  stm32f4xx_hal_dma.o
    0x0800190a   0x0800190a   0x00000002   PAD
    0x0800190c   0x0800190c   0x00000042   Code   RO          728    .text.HAL_Delay     stm32f4xx_hal.o
    0x0800194e   0x0800194e   0x00000002   PAD
    0x08001950   0x08001950   0x000003ee   Code   RO          495    .text.HAL_GPIO_Init  stm32f4xx_hal_gpio.o
    0x08001d3e   0x08001d3e   0x00000002   PAD
    0x08001d40   0x08001d40   0x0000002e   Code   RO          501    .text.HAL_GPIO_WritePin  stm32f4xx_hal_gpio.o
    0x08001d6e   0x08001d6e   0x00000002   PAD
    0x08001d70   0x08001d70   0x0000000c   Code   RO          720    .text.HAL_GetTick   stm32f4xx_hal.o
    0x08001d7c   0x08001d7c   0x0000001a   Code   RO          718    .text.HAL_IncTick   stm32f4xx_hal.o
    0x08001d96   0x08001d96   0x00000002   PAD
    0x08001d98   0x08001d98   0x00000036   Code   RO          708    .text.HAL_Init      stm32f4xx_hal.o
    0x08001dce   0x08001dce   0x00000002   PAD
    0x08001dd0   0x08001dd0   0x00000070   Code   RO          710    .text.HAL_InitTick  stm32f4xx_hal.o
    0x08001e40   0x08001e40   0x0000004a   Code   RO          124    .text.HAL_MspInit   stm32f4xx_hal_msp.o
    0x08001e8a   0x08001e8a   0x00000002   PAD
    0x08001e8c   0x08001e8c   0x00000014   Code   RO          649    .text.HAL_NVIC_EnableIRQ  stm32f4xx_hal_cortex.o
    0x08001ea0   0x08001ea0   0x00000032   Code   RO          641    .text.HAL_NVIC_SetPriority  stm32f4xx_hal_cortex.o
    0x08001ed2   0x08001ed2   0x00000002   PAD
    0x08001ed4   0x08001ed4   0x00000010   Code   RO          637    .text.HAL_NVIC_SetPriorityGrouping  stm32f4xx_hal_cortex.o
    0x08001ee4   0x08001ee4   0x000000be   Code   RO          624    .text.HAL_PWREx_EnableOverDrive  stm32f4xx_hal_pwr_ex.o
    0x08001fa2   0x08001fa2   0x00000002   PAD
    0x08001fa4   0x08001fa4   0x00000262   Code   RO          343    .text.HAL_RCC_ClockConfig  stm32f4xx_hal_rcc.o
    0x08002206   0x08002206   0x00000002   PAD
    0x08002208   0x08002208   0x0000000c   Code   RO          353    .text.HAL_RCC_GetHCLKFreq  stm32f4xx_hal_rcc.o
    0x08002214   0x08002214   0x00000022   Code   RO          355    .text.HAL_RCC_GetPCLK1Freq  stm32f4xx_hal_rcc.o
    0x08002236   0x08002236   0x00000002   PAD
    0x08002238   0x08002238   0x00000022   Code   RO          357    .text.HAL_RCC_GetPCLK2Freq  stm32f4xx_hal_rcc.o
    0x0800225a   0x0800225a   0x00000002   PAD
    0x0800225c   0x0800225c   0x000000e6   Code   RO          345    .text.HAL_RCC_GetSysClockFreq  stm32f4xx_hal_rcc.o
    0x08002342   0x08002342   0x00000002   PAD
    0x08002344   0x08002344   0x000006be   Code   RO          341    .text.HAL_RCC_OscConfig  stm32f4xx_hal_rcc.o
    0x08002a02   0x08002a02   0x00000002   PAD
    0x08002a04   0x08002a04   0x00000010   Code   RO          661    .text.HAL_SYSTICK_Config  stm32f4xx_hal_cortex.o
    0x08002a14   0x08002a14   0x000000de   Code   RO          857    .text.HAL_UARTEx_ReceiveToIdle_DMA  stm32f4xx_hal_uart.o
    0x08002af2   0x08002af2   0x00000002   PAD
    0x08002af4   0x08002af4   0x000001ac   Code   RO          204    .text.HAL_UARTEx_RxEventCallback  drv_uart.o
    0x08002ca0   0x08002ca0   0x00000008   Code   RO          891    .text.HAL_UART_ErrorCallback  stm32f4xx_hal_uart.o
    0x08002ca8   0x08002ca8   0x0000041e   Code   RO          885    .text.HAL_UART_IRQHandler  stm32f4xx_hal_uart.o
    0x080030c6   0x080030c6   0x00000002   PAD
    0x080030c8   0x080030c8   0x0000009a   Code   RO          803    .text.HAL_UART_Init  stm32f4xx_hal_uart.o
    0x08003162   0x08003162   0x00000002   PAD
    0x08003164   0x08003164   0x0000014c   Code   RO           75    .text.HAL_UART_MspInit  usart.o
    0x080032b0   0x080032b0   0x00000008   Code   RO          903    .text.HAL_UART_RxCpltCallback  stm32f4xx_hal_uart.o
    0x080032b8   0x080032b8   0x00000008   Code   RO          905    .text.HAL_UART_RxHalfCpltCallback  stm32f4xx_hal_uart.o
    0x080032c0   0x080032c0   0x00000110   Code   RO          831    .text.HAL_UART_Transmit_DMA  stm32f4xx_hal_uart.o
    0x080033d0   0x080033d0   0x00000008   Code   RO          899    .text.HAL_UART_TxCpltCallback  stm32f4xx_hal_uart.o
    0x080033d8   0x080033d8   0x00000008   Code   RO          901    .text.HAL_UART_TxHalfCpltCallback  stm32f4xx_hal_uart.o
    0x080033e0   0x080033e0   0x00000004   Code   RO           91    .text.HardFault_Handler  stm32f4xx_it.o
    0x080033e4   0x080033e4   0x0000004e   Code   RO           51    .text.MX_CAN1_Init  can.o
    0x08003432   0x08003432   0x00000002   PAD
    0x08003434   0x08003434   0x00000050   Code   RO           65    .text.MX_DMA_Init   dma.o
    0x08003484   0x08003484   0x000000a8   Code   RO           43    .text.MX_GPIO_Init  gpio.o
    0x0800352c   0x0800352c   0x00000040   Code   RO           73    .text.MX_USART2_UART_Init  usart.o
    0x0800356c   0x0800356c   0x00000004   Code   RO           93    .text.MemManage_Handler  stm32f4xx_it.o
    0x08003570   0x08003570   0x00000004   Code   RO           89    .text.NMI_Handler   stm32f4xx_it.o
    0x08003574   0x08003574   0x0000006c   Code   RO          647    .text.NVIC_EncodePriority  stm32f4xx_hal_cortex.o
    0x080035e0   0x080035e0   0x00000002   Code   RO          103    .text.PendSV_Handler  stm32f4xx_it.o
    0x080035e2   0x080035e2   0x00000002   PAD
    0x080035e4   0x080035e4   0x00000002   Code   RO           99    .text.SVC_Handler   stm32f4xx_it.o
    0x080035e6   0x080035e6   0x00000002   PAD
    0x080035e8   0x080035e8   0x00000052   Code   RO          663    .text.SysTick_Config  stm32f4xx_hal_cortex.o
    0x0800363a   0x0800363a   0x00000002   PAD
    0x0800363c   0x0800363c   0x00000008   Code   RO          105    .text.SysTick_Handler  stm32f4xx_it.o
    0x08003644   0x08003644   0x00000012   Code   RO          932    .text.SystemInit    system_stm32f4xx.o
    0x08003656   0x08003656   0x00000002   PAD
    0x08003658   0x08003658   0x00000020   Code   RO          889    .text.UART_DMAAbortOnError  stm32f4xx_hal_uart.o
    0x08003678   0x08003678   0x0000007c   Code   RO          837    .text.UART_DMAError  stm32f4xx_hal_uart.o
    0x080036f4   0x080036f4   0x000000ee   Code   RO          921    .text.UART_DMAReceiveCplt  stm32f4xx_hal_uart.o
    0x080037e2   0x080037e2   0x00000002   PAD
    0x080037e4   0x080037e4   0x0000002e   Code   RO          923    .text.UART_DMARxHalfCplt  stm32f4xx_hal_uart.o
    0x08003812   0x08003812   0x00000002   PAD
    0x08003814   0x08003814   0x0000007a   Code   RO          833    .text.UART_DMATransmitCplt  stm32f4xx_hal_uart.o
    0x0800388e   0x0800388e   0x00000002   PAD
    0x08003890   0x08003890   0x00000016   Code   RO          835    .text.UART_DMATxHalfCplt  stm32f4xx_hal_uart.o
    0x080038a6   0x080038a6   0x00000002   PAD
    0x080038a8   0x080038a8   0x00000094   Code   RO          851    .text.UART_EndRxTransfer  stm32f4xx_hal_uart.o
    0x0800393c   0x0800393c   0x00000026   Code   RO          897    .text.UART_EndTransmit_IT  stm32f4xx_hal_uart.o
    0x08003962   0x08003962   0x00000002   PAD
    0x08003964   0x08003964   0x00000036   Code   RO          849    .text.UART_EndTxTransfer  stm32f4xx_hal_uart.o
    0x0800399a   0x0800399a   0x00000002   PAD
    0x0800399c   0x0800399c   0x00000164   Code   RO          887    .text.UART_Receive_IT  stm32f4xx_hal_uart.o
    0x08003b00   0x08003b00   0x0000013a   Code   RO          807    .text.UART_SetConfig  stm32f4xx_hal_uart.o
    0x08003c3a   0x08003c3a   0x00000002   PAD
    0x08003c3c   0x08003c3c   0x00000118   Code   RO          841    .text.UART_Start_Receive_DMA  stm32f4xx_hal_uart.o
    0x08003d54   0x08003d54   0x00000094   Code   RO          895    .text.UART_Transmit_IT  stm32f4xx_hal_uart.o
    0x08003de8   0x08003de8   0x00000010   Code   RO          115    .text.USART2_IRQHandler  stm32f4xx_it.o
    0x08003df8   0x08003df8   0x00000004   Code   RO           97    .text.UsageFault_Handler  stm32f4xx_it.o
    0x08003dfc   0x08003dfc   0x00000008   Code   RO           21    .text._GLOBAL__sub_I_main.c  main.o
    0x08003e04   0x08003e04   0x0000001e   Code   RO          165    .text._Z11BSP_DC24_LD20Enum_BSP_DC24_Status  drv_bsp.o
    0x08003e22   0x08003e22   0x00000002   PAD
    0x08003e24   0x08003e24   0x0000001e   Code   RO          163    .text._Z11BSP_DC24_LU20Enum_BSP_DC24_Status  drv_bsp.o
    0x08003e42   0x08003e42   0x00000002   PAD
    0x08003e44   0x08003e44   0x0000001e   Code   RO          169    .text._Z11BSP_DC24_RD20Enum_BSP_DC24_Status  drv_bsp.o
    0x08003e62   0x08003e62   0x00000002   PAD
    0x08003e64   0x08003e64   0x0000001e   Code   RO          167    .text._Z11BSP_DC24_RU20Enum_BSP_DC24_Status  drv_bsp.o
    0x08003e82   0x08003e82   0x00000002   PAD
    0x08003e84   0x08003e84   0x0000001c   Code   RO          200    .text._Z14UART_Send_DataP20__UART_HandleTypeDefPht  drv_uart.o
    0x08003ea0   0x08003ea0   0x000000ca   Code   RO           17    .text._Z18SystemClock_Configv  main.o
    0x08003f6a   0x08003f6a   0x00000002   PAD
    0x08003f6c   0x08003f6c   0x00000068   Code   RO           13    .text._Z19CAN_Motor_Call_BackP20Struct_CAN_Rx_Buffer  main.o
    0x08003fd4   0x08003fd4   0x0000009e   Code   RO          231    .text._Z22CAN_Filter_Mask_ConfigP19__CAN_HandleTypeDefhjj  drv_can.o
    0x08004072   0x08004072   0x00000002   PAD
    0x08004074   0x08004074   0x0000001a   Code   RO          202    .text._Z30TIM_UART_PeriodElapsedCallbackv  drv_uart.o
    0x0800408e   0x0800408e   0x00000002   PAD
    0x08004090   0x08004090   0x000000da   Code   RO          161    .text._Z8BSP_Initjff  drv_bsp.o
    0x0800416a   0x0800416a   0x00000002   PAD
    0x0800416c   0x0800416c   0x00000074   Code   RO          229    .text._Z8CAN_InitP19__CAN_HandleTypeDefPFvP20Struct_CAN_Rx_BufferE  drv_can.o
    0x080041e0   0x080041e0   0x0000001e   Code   RO          175    .text._Z9BSP_LED_119Enum_BSP_LED_Status  drv_bsp.o
    0x080041fe   0x080041fe   0x00000002   PAD
    0x08004200   0x08004200   0x0000001e   Code   RO          177    .text._Z9BSP_LED_219Enum_BSP_LED_Status  drv_bsp.o
    0x0800421e   0x0800421e   0x00000002   PAD
    0x08004220   0x08004220   0x0000001e   Code   RO          179    .text._Z9BSP_LED_319Enum_BSP_LED_Status  drv_bsp.o
    0x0800423e   0x0800423e   0x00000002   PAD
    0x08004240   0x08004240   0x0000001e   Code   RO          181    .text._Z9BSP_LED_419Enum_BSP_LED_Status  drv_bsp.o
    0x0800425e   0x0800425e   0x00000002   PAD
    0x08004260   0x08004260   0x0000001e   Code   RO          183    .text._Z9BSP_LED_519Enum_BSP_LED_Status  drv_bsp.o
    0x0800427e   0x0800427e   0x00000002   PAD
    0x08004280   0x08004280   0x0000001e   Code   RO          185    .text._Z9BSP_LED_619Enum_BSP_LED_Status  drv_bsp.o
    0x0800429e   0x0800429e   0x00000002   PAD
    0x080042a0   0x080042a0   0x0000001e   Code   RO          187    .text._Z9BSP_LED_719Enum_BSP_LED_Status  drv_bsp.o
    0x080042be   0x080042be   0x00000002   PAD
    0x080042c0   0x080042c0   0x00000020   Code   RO          189    .text._Z9BSP_LED_819Enum_BSP_LED_Status  drv_bsp.o
    0x080042e0   0x080042e0   0x00000020   Code   RO          173    .text._Z9BSP_LED_G19Enum_BSP_LED_Status  drv_bsp.o
    0x08004300   0x08004300   0x00000020   Code   RO          171    .text._Z9BSP_LED_R19Enum_BSP_LED_Status  drv_bsp.o
    0x08004320   0x08004320   0x0000019c   Code   RO          198    .text._Z9Uart_InitP20__UART_HandleTypeDefPhtPFvS1_tE  drv_uart.o
    0x080044bc   0x080044bc   0x00000010   Code   RO          146    .text._ZN16Class_Serialplot29TIM_Add_PeriodElapsedCallbackEv  dvc_serialplot.o
    0x080044cc   0x080044cc   0x000001ca   Code   RO          132    .text._ZN16Class_Serialplot4InitEP20__UART_HandleTypeDefhPPc25Enum_Serialplot_Data_Typeh  dvc_serialplot.o
    0x08004696   0x08004696   0x00000002   PAD
    0x08004698   0x08004698   0x00000224   Code   RO          144    .text._ZN16Class_Serialplot6OutputEv  dvc_serialplot.o
    0x080048bc   0x080048bc   0x0000004a   Code   RO          138    .text._ZN16Class_Serialplot8Set_DataEiz  dvc_serialplot.o
    0x08004906   0x08004906   0x00000002   PAD
    0x08004908   0x08004908   0x00000018   Code   RO           40    .text._ZN16Class_SerialplotC2Ev  main.o
    0x08004920   0x08004920   0x00000030   Code   RO          651    .text.__NVIC_EnableIRQ  stm32f4xx_hal_cortex.o
    0x08004950   0x08004950   0x00000010   Code   RO          643    .text.__NVIC_GetPriorityGrouping  stm32f4xx_hal_cortex.o
    0x08004960   0x08004960   0x00000042   Code   RO          645    .text.__NVIC_SetPriority  stm32f4xx_hal_cortex.o
    0x080049a2   0x080049a2   0x00000002   PAD
    0x080049a4   0x080049a4   0x0000003c   Code   RO          639    .text.__NVIC_SetPriorityGrouping  stm32f4xx_hal_cortex.o
    0x080049e0   0x080049e0   0x00000010   Code   RO           11    .text.__cxx_global_var_init  main.o
    0x080049f0   0x080049f0   0x00000138   Code   RO           15    .text.main          main.o
    0x08004b28   0x08004b28   0x0000001a   Code   RO         1122    x$fpl$fpinit        fz_wm.l(fpinit.o)
    0x08004b42   0x08004b42   0x00000010   Data   RO          937    .rodata.AHBPrescTable  system_stm32f4xx.o
    0x08004b52   0x08004b52   0x00000008   Data   RO          938    .rodata.APBPrescTable  system_stm32f4xx.o
    0x08004b5a   0x08004b5a   0x00000008   Data   RO          563    .rodata.DMA_CalcBaseAndBitshift.flagBitshiftOffset  stm32f4xx_hal_dma.o
    0x08004b62   0x08004b62   0x00000002   PAD
    0x08004b64   0x08004b64   0x00000020   Data   RO         1229    Region$$Table       anon$$obj.o
    0x08004b84   0x08004b84   0x00000004   Data   RO           32    .init_array         main.o
    0x08004b88   0x08004b84   0x00000000   Data   RO          958    .init_array         c_w.l(init_aeabi.o)


    Execution Region RW_IRAM2 (Exec base: 0x10000000, Load base: 0x08004b98, Size: 0x00000000, Max: 0x00010000, ABSOLUTE)

    **** No section assigned to this execution region ****


    Execution Region RW_IRAM1 (Exec base: 0x20000000, Load base: 0x08004b88, Size: 0x000010f0, Max: 0x00030000, ABSOLUTE)

    Exec Addr    Load Addr    Size         Type   Attr      Idx    E Section Name        Object

    0x20000000   0x08004b88   0x00000004   Data   RW          936    .data.SystemCoreClock  system_stm32f4xx.o
    0x20000004   0x08004b8c   0x00000001   Data   RW          767    .data.uwTickFreq    stm32f4xx_hal.o
    0x20000005   0x08004b8d   0x00000003   PAD
    0x20000008   0x08004b90   0x00000004   Data   RW          766    .data.uwTickPrio    stm32f4xx_hal.o
    0x2000000c   0x08004b94   0x00000004   PAD
    0x20000010        -       0x00000060   Zero   RW         1125    .bss                c_w.l(libspace.o)
    0x20000070        -       0x00000008   Zero   RW          241    .bss.CAN1_Manage_Object  drv_can.o
    0x20000078        -       0x00000008   Zero   RW          242    .bss.CAN2_Manage_Object  drv_can.o
    0x20000080        -       0x00000002   Zero   RW           24    .bss.Rx_Encoder     main.o
    0x20000082        -       0x00000002   Zero   RW           25    .bss.Rx_Omega       main.o
    0x20000084        -       0x00000002   Zero   RW           27    .bss.Rx_Temperature  main.o
    0x20000086        -       0x00000002   Zero   RW           26    .bss.Rx_Torque      main.o
    0x20000088        -       0x00000004   Zero   RW           28    .bss.Tx_Encoder     main.o
    0x2000008c        -       0x00000004   Zero   RW           29    .bss.Tx_Omega       main.o
    0x20000090        -       0x00000004   Zero   RW           31    .bss.Tx_Temperature  main.o
    0x20000094        -       0x00000004   Zero   RW           30    .bss.Tx_Torque      main.o
    0x20000098        -       0x00000010   Zero   RW          206    .bss.UART1_Manage_Object  drv_uart.o
    0x200000a8        -       0x00000100   Zero   RW          214    .bss.UART1_Tx_Data  drv_uart.o
    0x200001a8        -       0x00000010   Zero   RW          207    .bss.UART2_Manage_Object  drv_uart.o
    0x200001b8        -       0x00000100   Zero   RW          215    .bss.UART2_Tx_Data  drv_uart.o
    0x200002b8        -       0x00000010   Zero   RW          208    .bss.UART3_Manage_Object  drv_uart.o
    0x200002c8        -       0x00000100   Zero   RW          216    .bss.UART3_Tx_Data  drv_uart.o
    0x200003c8        -       0x00000010   Zero   RW          209    .bss.UART4_Manage_Object  drv_uart.o
    0x200003d8        -       0x00000100   Zero   RW          217    .bss.UART4_Tx_Data  drv_uart.o
    0x200004d8        -       0x00000010   Zero   RW          210    .bss.UART5_Manage_Object  drv_uart.o
    0x200004e8        -       0x00000100   Zero   RW          218    .bss.UART5_Tx_Data  drv_uart.o
    0x200005e8        -       0x00000010   Zero   RW          211    .bss.UART6_Manage_Object  drv_uart.o
    0x200005f8        -       0x00000100   Zero   RW          219    .bss.UART6_Tx_Data  drv_uart.o
    0x200006f8        -       0x00000010   Zero   RW          212    .bss.UART7_Manage_Object  drv_uart.o
    0x20000708        -       0x00000100   Zero   RW          220    .bss.UART7_Tx_Data  drv_uart.o
    0x20000808        -       0x00000010   Zero   RW          213    .bss.UART8_Manage_Object  drv_uart.o
    0x20000818        -       0x00000100   Zero   RW          221    .bss.UART8_Tx_Data  drv_uart.o
    0x20000918        -       0x00000024   Zero   RW          251    .bss._ZZ33HAL_CAN_RxFifo0MsgPendingCallbackE13can_rx_buffer  drv_can.o
    0x2000093c        -       0x00000024   Zero   RW          252    .bss._ZZ33HAL_CAN_RxFifo1MsgPendingCallbackE13can_rx_buffer  drv_can.o
    0x20000960        -       0x00000028   Zero   RW           57    .bss.hcan1          can.o
    0x20000988        -       0x00000060   Zero   RW           80    .bss.hdma_usart2_rx  usart.o
    0x200009e8        -       0x00000060   Zero   RW           81    .bss.hdma_usart2_tx  usart.o
    0x20000a48        -       0x00000044   Zero   RW           79    .bss.huart2         usart.o
    0x20000a8c   0x08004b94   0x00000004   PAD
    0x20000a90        -       0x00000058   Zero   RW           23    .bss.serialplot     main.o
    0x20000ae8        -       0x00000004   Zero   RW          768    .bss.uwTick         stm32f4xx_hal.o
    0x20000aec   0x08004b94   0x00000004   PAD
    0x20000af0        -       0x00000200   Zero   RW            2    HEAP                startup_stm32f427xx.o
    0x20000cf0        -       0x00000400   Zero   RW            1    STACK               startup_stm32f427xx.o


==============================================================================

Image component sizes


      Code (inc. data)   RO Data    RW Data    ZI Data      Debug   Object Name

       258          0          0          0         40       6256   can.o
        80          0          0          0          0       3555   dma.o
       644          0          0          0          0       4621   drv_bsp.o
       522          0          0          0         88       6458   drv_can.o
       894          0          0          0       2176       5371   drv_uart.o
      1096          0          0          0          0      22121   dvc_serialplot.o
       168          0          0          0          0       2237   gpio.o
       680          4          4          0        112      19827   main.o
        64         26        428          0       1536        916   startup_stm32f427xx.o
       270          0          0          5          4       7565   stm32f4xx_hal.o
      2630          0          0          0          0      11471   stm32f4xx_hal_can.o
       482          0          0          0          0       9676   stm32f4xx_hal_cortex.o
      2068          8          8          0          0       8593   stm32f4xx_hal_dma.o
      1052          0          0          0          0       5270   stm32f4xx_hal_gpio.o
        74          0          0          0          0       1615   stm32f4xx_hal_msp.o
       190          0          0          0          0       4557   stm32f4xx_hal_pwr_ex.o
      2646          0          0          0          0       7719   stm32f4xx_hal_rcc.o
      3664          0          0          0          0      20321   stm32f4xx_hal_uart.o
       114          0          0          0          0       1578   stm32f4xx_it.o
        18          0         24          4          0       2662   system_stm32f4xx.o
       396          0          0          0        260       7106   usart.o

    ----------------------------------------------------------------------
     18120         38        498         12       4228     159495   Object Totals
         0          0         32          0          0          0   (incl. Generated)
       110          0          2          3         12          0   (incl. Padding)

    ----------------------------------------------------------------------

      Code (inc. data)   RO Data    RW Data    ZI Data      Debug   Library Member Name

         8          0          0          0          0         68   __main.o
         0          0          0          0          0          0   __rtentry.o
        12          0          0          0          0          0   __rtentry2.o
         6          0          0          0          0          0   __rtentry4.o
        94          8          0          0          0          0   __scatter.o
        26          0          0          0          0          0   __scatter_copy.o
        28          0          0          0          0          0   __scatter_zi.o
        18          0          0          0          0         80   exit.o
         6          0          0          0          0        152   heapauxi.o
         0          0          0          0          0          0   indicate_semi.o
        44          8          0          0          0         80   init_aeabi.o
         2          0          0          0          0          0   libinit.o
        10          0          0          0          0          0   libinit2.o
         2          0          0          0          0          0   libshutdown.o
         2          0          0          0          0          0   libshutdown2.o
         8          4          0          0         96         68   libspace.o
       240          0          0          0          0        100   lludivv7m.o
        78          0          0          0          0         80   rt_memclr_w.o
         2          0          0          0          0          0   rtexit.o
        10          0          0          0          0          0   rtexit2.o
        12          4          0          0          0         68   sys_exit.o
        74          0          0          0          0         80   sys_stackheap_outer.o
         2          0          0          0          0         68   use_no_semi.o
        26          0          0          0          0        116   fpinit.o

    ----------------------------------------------------------------------
       718         24          0          0         96        960   Library Totals
         8          0          0          0          0          0   (incl. Padding)

    ----------------------------------------------------------------------

      Code (inc. data)   RO Data    RW Data    ZI Data      Debug   Library Name

       684         24          0          0         96        844   c_w.l
        26          0          0          0          0        116   fz_wm.l

    ----------------------------------------------------------------------
       718         24          0          0         96        960   Library Totals

    ----------------------------------------------------------------------

==============================================================================


      Code (inc. data)   RO Data    RW Data    ZI Data      Debug   

     18838         62        498         12       4324     159831   Grand Totals
     18838         62        498         12       4324     159831   ELF Image Totals
     18838         62        498         12          0          0   ROM Totals

==============================================================================

    Total RO  Size (Code + RO Data)                19336 (  18.88kB)
    Total RW  Size (RW Data + ZI Data)              4336 (   4.23kB)
    Total ROM Size (Code + RO Data + RW Data)      19348 (  18.89kB)

==============================================================================

